Archive member included to satisfy reference by file (symbol)

/home/mondrian/opt/arm-gnu-toolchain-13.2.Rel1-x86_64-arm-none-eabi/bin/../lib/gcc/arm-none-eabi/13.2.1/../../../../arm-none-eabi/lib/thumb/v7e-m+fp/hard/libc_nano.a(libc_a-exit.o)
                              /home/mondrian/opt/arm-gnu-toolchain-13.2.Rel1-x86_64-arm-none-eabi/bin/../lib/gcc/arm-none-eabi/13.2.1/../../../../arm-none-eabi/lib/thumb/v7e-m+fp/hard/crt0.o (exit)
/home/mondrian/opt/arm-gnu-toolchain-13.2.Rel1-x86_64-arm-none-eabi/bin/../lib/gcc/arm-none-eabi/13.2.1/../../../../arm-none-eabi/lib/thumb/v7e-m+fp/hard/libc_nano.a(libc_a-init.o)
                              /home/mondrian/opt/arm-gnu-toolchain-13.2.Rel1-x86_64-arm-none-eabi/bin/../lib/gcc/arm-none-eabi/13.2.1/../../../../arm-none-eabi/lib/thumb/v7e-m+fp/hard/crt0.o (__libc_init_array)
/home/mondrian/opt/arm-gnu-toolchain-13.2.Rel1-x86_64-arm-none-eabi/bin/../lib/gcc/arm-none-eabi/13.2.1/../../../../arm-none-eabi/lib/thumb/v7e-m+fp/hard/libc_nano.a(libc_a-findfp.o)
                              /home/mondrian/opt/arm-gnu-toolchain-13.2.Rel1-x86_64-arm-none-eabi/bin/../lib/gcc/arm-none-eabi/13.2.1/../../../../arm-none-eabi/lib/thumb/v7e-m+fp/hard/libc_nano.a(libc_a-exit.o) (__stdio_exit_handler)
/home/mondrian/opt/arm-gnu-toolchain-13.2.Rel1-x86_64-arm-none-eabi/bin/../lib/gcc/arm-none-eabi/13.2.1/../../../../arm-none-eabi/lib/thumb/v7e-m+fp/hard/libc_nano.a(libc_a-stdio.o)
                              /home/mondrian/opt/arm-gnu-toolchain-13.2.Rel1-x86_64-arm-none-eabi/bin/../lib/gcc/arm-none-eabi/13.2.1/../../../../arm-none-eabi/lib/thumb/v7e-m+fp/hard/libc_nano.a(libc_a-findfp.o) (__sread)
/home/mondrian/opt/arm-gnu-toolchain-13.2.Rel1-x86_64-arm-none-eabi/bin/../lib/gcc/arm-none-eabi/13.2.1/../../../../arm-none-eabi/lib/thumb/v7e-m+fp/hard/libc_nano.a(libc_a-readr.o)
                              /home/mondrian/opt/arm-gnu-toolchain-13.2.Rel1-x86_64-arm-none-eabi/bin/../lib/gcc/arm-none-eabi/13.2.1/../../../../arm-none-eabi/lib/thumb/v7e-m+fp/hard/libc_nano.a(libc_a-stdio.o) (_read_r)
/home/mondrian/opt/arm-gnu-toolchain-13.2.Rel1-x86_64-arm-none-eabi/bin/../lib/gcc/arm-none-eabi/13.2.1/../../../../arm-none-eabi/lib/thumb/v7e-m+fp/hard/libc_nano.a(libc_a-writer.o)
                              /home/mondrian/opt/arm-gnu-toolchain-13.2.Rel1-x86_64-arm-none-eabi/bin/../lib/gcc/arm-none-eabi/13.2.1/../../../../arm-none-eabi/lib/thumb/v7e-m+fp/hard/libc_nano.a(libc_a-stdio.o) (_write_r)
/home/mondrian/opt/arm-gnu-toolchain-13.2.Rel1-x86_64-arm-none-eabi/bin/../lib/gcc/arm-none-eabi/13.2.1/../../../../arm-none-eabi/lib/thumb/v7e-m+fp/hard/libc_nano.a(libc_a-fwalk.o)
                              /home/mondrian/opt/arm-gnu-toolchain-13.2.Rel1-x86_64-arm-none-eabi/bin/../lib/gcc/arm-none-eabi/13.2.1/../../../../arm-none-eabi/lib/thumb/v7e-m+fp/hard/libc_nano.a(libc_a-findfp.o) (_fwalk_sglue)
/home/mondrian/opt/arm-gnu-toolchain-13.2.Rel1-x86_64-arm-none-eabi/bin/../lib/gcc/arm-none-eabi/13.2.1/../../../../arm-none-eabi/lib/thumb/v7e-m+fp/hard/libc_nano.a(libc_a-memset.o)
                              /home/mondrian/opt/arm-gnu-toolchain-13.2.Rel1-x86_64-arm-none-eabi/bin/../lib/gcc/arm-none-eabi/13.2.1/../../../../arm-none-eabi/lib/thumb/v7e-m+fp/hard/crt0.o (memset)
/home/mondrian/opt/arm-gnu-toolchain-13.2.Rel1-x86_64-arm-none-eabi/bin/../lib/gcc/arm-none-eabi/13.2.1/../../../../arm-none-eabi/lib/thumb/v7e-m+fp/hard/libc_nano.a(libc_a-lock.o)
                              /home/mondrian/opt/arm-gnu-toolchain-13.2.Rel1-x86_64-arm-none-eabi/bin/../lib/gcc/arm-none-eabi/13.2.1/../../../../arm-none-eabi/lib/thumb/v7e-m+fp/hard/libc_nano.a(libc_a-findfp.o) (__retarget_lock_init_recursive)
/home/mondrian/opt/arm-gnu-toolchain-13.2.Rel1-x86_64-arm-none-eabi/bin/../lib/gcc/arm-none-eabi/13.2.1/../../../../arm-none-eabi/lib/thumb/v7e-m+fp/hard/libc_nano.a(libc_a-closer.o)
                              /home/mondrian/opt/arm-gnu-toolchain-13.2.Rel1-x86_64-arm-none-eabi/bin/../lib/gcc/arm-none-eabi/13.2.1/../../../../arm-none-eabi/lib/thumb/v7e-m+fp/hard/libc_nano.a(libc_a-stdio.o) (_close_r)
/home/mondrian/opt/arm-gnu-toolchain-13.2.Rel1-x86_64-arm-none-eabi/bin/../lib/gcc/arm-none-eabi/13.2.1/../../../../arm-none-eabi/lib/thumb/v7e-m+fp/hard/libc_nano.a(libc_a-reent.o)
                              /home/mondrian/opt/arm-gnu-toolchain-13.2.Rel1-x86_64-arm-none-eabi/bin/../lib/gcc/arm-none-eabi/13.2.1/../../../../arm-none-eabi/lib/thumb/v7e-m+fp/hard/libc_nano.a(libc_a-readr.o) (errno)
/home/mondrian/opt/arm-gnu-toolchain-13.2.Rel1-x86_64-arm-none-eabi/bin/../lib/gcc/arm-none-eabi/13.2.1/../../../../arm-none-eabi/lib/thumb/v7e-m+fp/hard/libc_nano.a(libc_a-impure.o)
                              /home/mondrian/opt/arm-gnu-toolchain-13.2.Rel1-x86_64-arm-none-eabi/bin/../lib/gcc/arm-none-eabi/13.2.1/../../../../arm-none-eabi/lib/thumb/v7e-m+fp/hard/libc_nano.a(libc_a-reent.o) (_impure_ptr)
[...]
Memory Configuration

Name             Origin             Length             Attributes
RAM              0x20000000         0x00030000         xrw
CCMRAM           0x10000000         0x00010000         xrw
FLASH            0x08000000         0x00200000         xr
*default*        0x00000000         0xffffffff

Linker script and memory map

LOAD /home/mondrian/opt/arm-gnu-toolchain-13.2.Rel1-x86_64-arm-none-eabi/bin/../lib/gcc/arm-none-eabi/13.2.1/thumb/v7e-m+fp/hard/crti.o
LOAD /home/mondrian/opt/arm-gnu-toolchain-13.2.Rel1-x86_64-arm-none-eabi/bin/../lib/gcc/arm-none-eabi/13.2.1/thumb/v7e-m+fp/hard/crtbegin.o
LOAD /home/mondrian/opt/arm-gnu-toolchain-13.2.Rel1-x86_64-arm-none-eabi/bin/../lib/gcc/arm-none-eabi/13.2.1/../../../../arm-none-eabi/lib/thumb/v7e-m+fp/hard/crt0.o
LOAD build/control.o
LOAD build/can3508.o
LOAD build/pid.o
LOAD build/task.o
LOAD build/main.o
LOAD build/gpio.o
LOAD build/can.o
LOAD build/dma.o
LOAD build/usart.o
LOAD build/stm32f4xx_it.o
LOAD build/stm32f4xx_hal_msp.o
LOAD build/stm32f4xx_hal_can.o
LOAD build/stm32f4xx_hal_rcc.o
LOAD build/stm32f4xx_hal_rcc_ex.o
LOAD build/stm32f4xx_hal_flash.o
LOAD build/stm32f4xx_hal_flash_ex.o
LOAD build/stm32f4xx_hal_flash_ramfunc.o
LOAD build/stm32f4xx_hal_gpio.o
LOAD build/stm32f4xx_hal_dma_ex.o
LOAD build/stm32f4xx_hal_dma.o
LOAD build/stm32f4xx_hal_pwr.o
LOAD build/stm32f4xx_hal_pwr_ex.o
LOAD build/stm32f4xx_hal_cortex.o
LOAD build/stm32f4xx_hal.o
LOAD build/stm32f4xx_hal_exti.o
LOAD build/stm32f4xx_hal_tim.o
LOAD build/stm32f4xx_hal_tim_ex.o
LOAD build/stm32f4xx_hal_uart.o
LOAD build/system_stm32f4xx.o
LOAD build/tim.o
LOAD build/startup_stm32f427xx.o
LOAD /home/mondrian/opt/arm-gnu-toolchain-13.2.Rel1-x86_64-arm-none-eabi/bin/../lib/gcc/arm-none-eabi/13.2.1/../../../../arm-none-eabi/lib/thumb/v7e-m+fp/hard/libc_nano.a
LOAD /home/mondrian/opt/arm-gnu-toolchain-13.2.Rel1-x86_64-arm-none-eabi/bin/../lib/gcc/arm-none-eabi/13.2.1/../../../../arm-none-eabi/lib/thumb/v7e-m+fp/hard/libm.a
LOAD /home/mondrian/opt/arm-gnu-toolchain-13.2.Rel1-x86_64-arm-none-eabi/bin/../lib/gcc/arm-none-eabi/13.2.1/../../../../arm-none-eabi/lib/thumb/v7e-m+fp/hard/libnosys.a
START GROUP
LOAD /home/mondrian/opt/arm-gnu-toolchain-13.2.Rel1-x86_64-arm-none-eabi/bin/../lib/gcc/arm-none-eabi/13.2.1/thumb/v7e-m+fp/hard/libgcc.a
LOAD /home/mondrian/opt/arm-gnu-toolchain-13.2.Rel1-x86_64-arm-none-eabi/bin/../lib/gcc/arm-none-eabi/13.2.1/../../../../arm-none-eabi/lib/thumb/v7e-m+fp/hard/libc_nano.a
END GROUP
START GROUP
LOAD /home/mondrian/opt/arm-gnu-toolchain-13.2.Rel1-x86_64-arm-none-eabi/bin/../lib/gcc/arm-none-eabi/13.2.1/thumb/v7e-m+fp/hard/libgcc.a
LOAD /home/mondrian/opt/arm-gnu-toolchain-13.2.Rel1-x86_64-arm-none-eabi/bin/../lib/gcc/arm-none-eabi/13.2.1/../../../../arm-none-eabi/lib/thumb/v7e-m+fp/hard/libc_nano.a
END GROUP
LOAD /home/mondrian/opt/arm-gnu-toolchain-13.2.Rel1-x86_64-arm-none-eabi/bin/../lib/gcc/arm-none-eabi/13.2.1/thumb/v7e-m+fp/hard/crtend.o
LOAD /home/mondrian/opt/arm-gnu-toolchain-13.2.Rel1-x86_64-arm-none-eabi/bin/../lib/gcc/arm-none-eabi/13.2.1/thumb/v7e-m+fp/hard/crtn.o
                0x20030000                        _estack = (ORIGIN (RAM) + LENGTH (RAM))
                0x00000200                        _Min_Heap_Size = 0x200
                0x00000400                        _Min_Stack_Size = 0x400

.isr_vector     0x08000000      0x1ac
                0x08000000                        . = ALIGN (0x4)
 *(.isr_vector)
 .isr_vector    0x08000000      0x1ac build/startup_stm32f427xx.o
                0x08000000                g_pfnVectors
                0x080001ac                        . = ALIGN (0x4)

.text           0x080001b0     0x45a4
                0x080001b0                        . = ALIGN (0x4)
 *(.text)
 .text          0x080001b0      0x378 /home/mondrian/opt/arm-gnu-toolchain-13.2.Rel1-x86_64-arm-none-eabi/bin/../lib/gcc/arm-none-eabi/13.2.1/thumb/v7e-m+fp/hard/libgcc.a(_arm_addsubdf3.o)
                0x080001b0                __aeabi_drsub
                0x080001b8                __aeabi_dsub
                0x080001b8                __subdf3
                0x080001bc                __adddf3
                0x080001bc                __aeabi_dadd
                0x08000434                __aeabi_ui2d
                0x08000434                __floatunsidf
                0x08000454                __floatsidf
                0x08000454                __aeabi_i2d
                0x08000478                __extendsfdf2
                0x08000478                __aeabi_f2d
                0x080004bc                __aeabi_ul2d
                0x080004bc                __floatundidf
                0x080004cc                __floatdidf
                0x080004cc                __aeabi_l2d
 .text          0x08000528      0x424 /home/mondrian/opt/arm-gnu-toolchain-13.2.Rel1-x86_64-arm-none-eabi/bin/../lib/gcc/arm-none-eabi/13.2.1/thumb/v7e-m+fp/hard/libgcc.a(_arm_muldivdf3.o)
                0x08000528                __aeabi_dmul
                0x08000528                __muldf3
                0x0800077c                __aeabi_ddiv
                0x0800077c                __divdf3
 .text          0x0800094c       0x50 /home/mondrian/opt/arm-gnu-toolchain-13.2.Rel1-x86_64-arm-none-eabi/bin/../lib/gcc/arm-none-eabi/13.2.1/thumb/v7e-m+fp/hard/libgcc.a(_arm_fixdfsi.o)
                0x0800094c                __fixdfsi
                0x0800094c                __aeabi_d2iz
 .text          0x0800099c       0x30 /home/mondrian/opt/arm-gnu-toolchain-13.2.Rel1-x86_64-arm-none-eabi/bin/../lib/gcc/arm-none-eabi/13.2.1/thumb/v7e-m+fp/hard/libgcc.a(_aeabi_uldivmod.o)
                0x0800099c                __aeabi_uldivmod
 .text          0x080009cc        0x4 /home/mondrian/opt/arm-gnu-toolchain-13.2.Rel1-x86_64-arm-none-eabi/bin/../lib/gcc/arm-none-eabi/13.2.1/thumb/v7e-m+fp/hard/libgcc.a(_dvmd_tls.o)
                0x080009cc                __aeabi_ldiv0
                0x080009cc                __aeabi_idiv0
 *(.text*)
 .text.deregister_tm_clones
                0x080009d0       0x1c /home/mondrian/opt/arm-gnu-toolchain-13.2.Rel1-x86_64-arm-none-eabi/bin/../lib/gcc/arm-none-eabi/13.2.1/thumb/v7e-m+fp/hard/crtbegin.o
 .text.register_tm_clones
                0x080009ec       0x24 /home/mondrian/opt/arm-gnu-toolchain-13.2.Rel1-x86_64-arm-none-eabi/bin/../lib/gcc/arm-none-eabi/13.2.1/thumb/v7e-m+fp/hard/crtbegin.o
 .text.__do_global_dtors_aux
                0x08000a10       0x28 /home/mondrian/opt/arm-gnu-toolchain-13.2.Rel1-x86_64-arm-none-eabi/bin/../lib/gcc/arm-none-eabi/13.2.1/thumb/v7e-m+fp/hard/crtbegin.o
 .text.frame_dummy
                0x08000a38       0x24 /home/mondrian/opt/arm-gnu-toolchain-13.2.Rel1-x86_64-arm-none-eabi/bin/../lib/gcc/arm-none-eabi/13.2.1/thumb/v7e-m+fp/hard/crtbegin.o
 .text.msp      0x08000a5c       0x6c build/control.o
                0x08000a5c                msp
 .text.Filter_DT7_DR16
                0x08000ac8       0x38 build/control.o
                0x08000ac8                Filter_DT7_DR16
 .text.DR16_Analysis
                0x08000b00       0xa8 build/control.o
                0x08000b00                DR16_Analysis
 .text.LIMIT_Speed_M2006
                0x08000ba8       0x30 build/control.o
                0x08000ba8                LIMIT_Speed_M2006
 .text.can_filter_init
                0x08000bd8       0x58 build/can3508.o
                0x08000bd8                can_filter_init
 .text.set_M3508_1_motor_voltage
                0x08000c30       0x58 build/can3508.o
                0x08000c30                set_M3508_1_motor_voltage
 .text.HAL_CAN_RxFifo0MsgPendingCallback
                0x08000c88       0xf0 build/can3508.o
                0x08000c88                HAL_CAN_RxFifo0MsgPendingCallback
 .text.pid_init
                0x08000d78       0x16 build/pid.o
                0x08000d78                pid_init
 .text.LIMIT_MIN_MAX
                0x08000d8e       0x28 build/pid.o
                0x08000d8e                LIMIT_MIN_MAX
 .text.pid_calc
                0x08000db6       0x82 build/pid.o
                0x08000db6                pid_calc
 .text.M3508_PID_init
                0x08000e38       0xa4 build/pid.o
                0x08000e38                M3508_PID_init
 *fill*         0x08000edc        0x4 
 .text.HAL_UART_RxCpltCallback
                0x08000ee0      0x158 build/main.o
                0x08000ee0                HAL_UART_RxCpltCallback
 .text.HAL_TIM_PeriodElapsedCallback
                0x08001038       0xd8 build/main.o
                0x08001038                HAL_TIM_PeriodElapsedCallback
 .text.Error_Handler
                0x08001110        0x4 build/main.o
                0x08001110                Error_Handler
 .text.SystemClock_Config
                0x08001114       0xa8 build/main.o
                0x08001114                SystemClock_Config
 *fill*         0x080011bc        0x4 
 .text.main     0x080011c0      0x22c build/main.o
                0x080011c0                main
 .text.MX_GPIO_Init
                0x080013ec       0xe0 build/gpio.o
                0x080013ec                MX_GPIO_Init
 .text.MX_CAN1_Init
                0x080014cc       0x40 build/can.o
                0x080014cc                MX_CAN1_Init
 .text.HAL_CAN_MspInit
                0x0800150c       0x7c build/can.o
                0x0800150c                HAL_CAN_MspInit
 .text.MX_DMA_Init
                0x08001588       0x34 build/dma.o
                0x08001588                MX_DMA_Init
 .text.MX_USART1_UART_Init
                0x080015bc       0x40 build/usart.o
                0x080015bc                MX_USART1_UART_Init
 .text.MX_USART6_UART_Init
                0x080015fc       0x34 build/usart.o
                0x080015fc                MX_USART6_UART_Init
 .text.HAL_UART_MspInit
                0x08001630      0x124 build/usart.o
                0x08001630                HAL_UART_MspInit
 .text.NMI_Handler
                0x08001754        0x2 build/stm32f4xx_it.o
                0x08001754                NMI_Handler
 .text.HardFault_Handler
                0x08001756        0x2 build/stm32f4xx_it.o
                0x08001756                HardFault_Handler
 .text.MemManage_Handler
                0x08001758        0x2 build/stm32f4xx_it.o
                0x08001758                MemManage_Handler
 .text.BusFault_Handler
                0x0800175a        0x2 build/stm32f4xx_it.o
                0x0800175a                BusFault_Handler
 .text.UsageFault_Handler
                0x0800175c        0x2 build/stm32f4xx_it.o
                0x0800175c                UsageFault_Handler
 .text.SVC_Handler
                0x0800175e        0x2 build/stm32f4xx_it.o
                0x0800175e                SVC_Handler
 .text.DebugMon_Handler
                0x08001760        0x2 build/stm32f4xx_it.o
                0x08001760                DebugMon_Handler
 .text.PendSV_Handler
                0x08001762        0x2 build/stm32f4xx_it.o
                0x08001762                PendSV_Handler
 .text.SysTick_Handler
                0x08001764        0x8 build/stm32f4xx_it.o
                0x08001764                SysTick_Handler
 .text.CAN1_RX0_IRQHandler
                0x0800176c       0x10 build/stm32f4xx_it.o
                0x0800176c                CAN1_RX0_IRQHandler
 .text.TIM4_IRQHandler
                0x0800177c       0x10 build/stm32f4xx_it.o
                0x0800177c                TIM4_IRQHandler
 .text.USART1_IRQHandler
                0x0800178c       0x10 build/stm32f4xx_it.o
                0x0800178c                USART1_IRQHandler
 .text.TIM8_CC_IRQHandler
                0x0800179c       0x10 build/stm32f4xx_it.o
                0x0800179c                TIM8_CC_IRQHandler
 .text.TIM7_IRQHandler
                0x080017ac       0x10 build/stm32f4xx_it.o
                0x080017ac                TIM7_IRQHandler
 .text.DMA2_Stream2_IRQHandler
                0x080017bc       0x10 build/stm32f4xx_it.o
                0x080017bc                DMA2_Stream2_IRQHandler
 .text.USART6_IRQHandler
                0x080017cc       0x10 build/stm32f4xx_it.o
                0x080017cc                USART6_IRQHandler
 .text.HAL_MspInit
                0x080017dc       0x38 build/stm32f4xx_hal_msp.o
                0x080017dc                HAL_MspInit
 .text.HAL_CAN_Init
                0x08001814      0x14c build/stm32f4xx_hal_can.o
                0x08001814                HAL_CAN_Init
 .text.HAL_CAN_ConfigFilter
                0x08001960      0x138 build/stm32f4xx_hal_can.o
                0x08001960                HAL_CAN_ConfigFilter
 .text.HAL_CAN_Start
                0x08001a98       0x5c build/stm32f4xx_hal_can.o
                0x08001a98                HAL_CAN_Start
 .text.HAL_CAN_AddTxMessage
                0x08001af4       0xfc build/stm32f4xx_hal_can.o
                0x08001af4                HAL_CAN_AddTxMessage
 .text.HAL_CAN_GetRxMessage
                0x08001bf0      0x14a build/stm32f4xx_hal_can.o
                0x08001bf0                HAL_CAN_GetRxMessage
 .text.HAL_CAN_ActivateNotification
                0x08001d3a       0x24 build/stm32f4xx_hal_can.o
                0x08001d3a                HAL_CAN_ActivateNotification
 .text.HAL_CAN_TxMailbox0CompleteCallback
                0x08001d5e        0x2 build/stm32f4xx_hal_can.o
                0x08001d5e                HAL_CAN_TxMailbox0CompleteCallback
 .text.HAL_CAN_TxMailbox1CompleteCallback
                0x08001d60        0x2 build/stm32f4xx_hal_can.o
                0x08001d60                HAL_CAN_TxMailbox1CompleteCallback
 .text.HAL_CAN_TxMailbox2CompleteCallback
                0x08001d62        0x2 build/stm32f4xx_hal_can.o
                0x08001d62                HAL_CAN_TxMailbox2CompleteCallback
 .text.HAL_CAN_TxMailbox0AbortCallback
                0x08001d64        0x2 build/stm32f4xx_hal_can.o
                0x08001d64                HAL_CAN_TxMailbox0AbortCallback
 .text.HAL_CAN_TxMailbox1AbortCallback
                0x08001d66        0x2 build/stm32f4xx_hal_can.o
                0x08001d66                HAL_CAN_TxMailbox1AbortCallback
 .text.HAL_CAN_TxMailbox2AbortCallback
                0x08001d68        0x2 build/stm32f4xx_hal_can.o
                0x08001d68                HAL_CAN_TxMailbox2AbortCallback
 .text.HAL_CAN_RxFifo0FullCallback
                0x08001d6a        0x2 build/stm32f4xx_hal_can.o
                0x08001d6a                HAL_CAN_RxFifo0FullCallback
 .text.HAL_CAN_RxFifo1MsgPendingCallback
                0x08001d6c        0x2 build/stm32f4xx_hal_can.o
                0x08001d6c                HAL_CAN_RxFifo1MsgPendingCallback
 .text.HAL_CAN_RxFifo1FullCallback
                0x08001d6e        0x2 build/stm32f4xx_hal_can.o
                0x08001d6e                HAL_CAN_RxFifo1FullCallback
 .text.HAL_CAN_SleepCallback
                0x08001d70        0x2 build/stm32f4xx_hal_can.o
                0x08001d70                HAL_CAN_SleepCallback
 .text.HAL_CAN_WakeUpFromRxMsgCallback
                0x08001d72        0x2 build/stm32f4xx_hal_can.o
                0x08001d72                HAL_CAN_WakeUpFromRxMsgCallback
 .text.HAL_CAN_ErrorCallback
                0x08001d74        0x2 build/stm32f4xx_hal_can.o
                0x08001d74                HAL_CAN_ErrorCallback
 .text.HAL_CAN_IRQHandler
                0x08001d76      0x250 build/stm32f4xx_hal_can.o
                0x08001d76                HAL_CAN_IRQHandler
 *fill*         0x08001fc6        0x2 
 .text.HAL_RCC_OscConfig
                0x08001fc8      0x3f8 build/stm32f4xx_hal_rcc.o
                0x08001fc8                HAL_RCC_OscConfig
 .text.HAL_RCC_GetSysClockFreq
                0x080023c0       0xa8 build/stm32f4xx_hal_rcc.o
                0x080023c0                HAL_RCC_GetSysClockFreq
 .text.HAL_RCC_ClockConfig
                0x08002468      0x160 build/stm32f4xx_hal_rcc.o
                0x08002468                HAL_RCC_ClockConfig
 .text.HAL_RCC_GetHCLKFreq
                0x080025c8        0xc build/stm32f4xx_hal_rcc.o
                0x080025c8                HAL_RCC_GetHCLKFreq
 .text.HAL_RCC_GetPCLK1Freq
                0x080025d4       0x20 build/stm32f4xx_hal_rcc.o
                0x080025d4                HAL_RCC_GetPCLK1Freq
 .text.HAL_RCC_GetPCLK2Freq
                0x080025f4       0x20 build/stm32f4xx_hal_rcc.o
                0x080025f4                HAL_RCC_GetPCLK2Freq
 .text.HAL_GPIO_Init
                0x08002614      0x208 build/stm32f4xx_hal_gpio.o
                0x08002614                HAL_GPIO_Init
 .text.HAL_GPIO_ReadPin
                0x0800281c        0xe build/stm32f4xx_hal_gpio.o
                0x0800281c                HAL_GPIO_ReadPin
 .text.HAL_GPIO_WritePin
                0x0800282a        0xc build/stm32f4xx_hal_gpio.o
                0x0800282a                HAL_GPIO_WritePin
 .text.DMA_SetConfig
                0x08002836       0x2c build/stm32f4xx_hal_dma.o
 *fill*         0x08002862        0x2 
 .text.DMA_CalcBaseAndBitshift
                0x08002864       0x3c build/stm32f4xx_hal_dma.o
 .text.DMA_CheckFifoParam
                0x080028a0       0x8e build/stm32f4xx_hal_dma.o
 *fill*         0x0800292e        0x2 
 .text.HAL_DMA_Init
                0x08002930       0xcc build/stm32f4xx_hal_dma.o
                0x08002930                HAL_DMA_Init
 .text.HAL_DMA_Start_IT
                0x080029fc       0x6a build/stm32f4xx_hal_dma.o
                0x080029fc                HAL_DMA_Start_IT
 .text.HAL_DMA_Abort
                0x08002a66       0x94 build/stm32f4xx_hal_dma.o
                0x08002a66                HAL_DMA_Abort
 .text.HAL_DMA_Abort_IT
                0x08002afa       0x26 build/stm32f4xx_hal_dma.o
                0x08002afa                HAL_DMA_Abort_IT
 .text.HAL_DMA_IRQHandler
                0x08002b20      0x1dc build/stm32f4xx_hal_dma.o
                0x08002b20                HAL_DMA_IRQHandler
 .text.__NVIC_SetPriority
                0x08002cfc       0x28 build/stm32f4xx_hal_cortex.o
 .text.NVIC_EncodePriority
                0x08002d24       0x3e build/stm32f4xx_hal_cortex.o
 *fill*         0x08002d62        0x2 
 .text.HAL_NVIC_SetPriorityGrouping
                0x08002d64       0x24 build/stm32f4xx_hal_cortex.o
                0x08002d64                HAL_NVIC_SetPriorityGrouping
 .text.HAL_NVIC_SetPriority
                0x08002d88       0x20 build/stm32f4xx_hal_cortex.o
                0x08002d88                HAL_NVIC_SetPriority
 .text.HAL_NVIC_EnableIRQ
                0x08002da8       0x1c build/stm32f4xx_hal_cortex.o
                0x08002da8                HAL_NVIC_EnableIRQ
 .text.HAL_SYSTICK_Config
                0x08002dc4       0x28 build/stm32f4xx_hal_cortex.o
                0x08002dc4                HAL_SYSTICK_Config
 .text.HAL_InitTick
                0x08002dec       0x4c build/stm32f4xx_hal.o
                0x08002dec                HAL_InitTick
 .text.HAL_Init
                0x08002e38       0x34 build/stm32f4xx_hal.o
                0x08002e38                HAL_Init
 .text.HAL_IncTick
                0x08002e6c       0x18 build/stm32f4xx_hal.o
                0x08002e6c                HAL_IncTick
 .text.HAL_GetTick
                0x08002e84        0xc build/stm32f4xx_hal.o
                0x08002e84                HAL_GetTick
 .text.HAL_Delay
                0x08002e90       0x28 build/stm32f4xx_hal.o
                0x08002e90                HAL_Delay
 .text.TIM_OC1_SetConfig
                0x08002eb8       0x70 build/stm32f4xx_hal_tim.o
 .text.TIM_OC3_SetConfig
                0x08002f28       0x70 build/stm32f4xx_hal_tim.o
 .text.TIM_OC4_SetConfig
                0x08002f98       0x50 build/stm32f4xx_hal_tim.o
 .text.TIM_TI1_ConfigInputStage
                0x08002fe8       0x26 build/stm32f4xx_hal_tim.o
 .text.TIM_TI2_ConfigInputStage
                0x0800300e       0x28 build/stm32f4xx_hal_tim.o
 .text.TIM_ITRx_SetConfig
                0x08003036       0x10 build/stm32f4xx_hal_tim.o
 *fill*         0x08003046        0x2 
 .text.HAL_TIM_Base_Start_IT
                0x08003048       0x88 build/stm32f4xx_hal_tim.o
                0x08003048                HAL_TIM_Base_Start_IT
 .text.HAL_TIM_PWM_MspInit
                0x080030d0        0x2 build/stm32f4xx_hal_tim.o
                0x080030d0                HAL_TIM_PWM_MspInit
 .text.HAL_TIM_OC_DelayElapsedCallback
                0x080030d2        0x2 build/stm32f4xx_hal_tim.o
                0x080030d2                HAL_TIM_OC_DelayElapsedCallback
 .text.HAL_TIM_IC_CaptureCallback
                0x080030d4        0x2 build/stm32f4xx_hal_tim.o
                0x080030d4                HAL_TIM_IC_CaptureCallback
 .text.HAL_TIM_PWM_PulseFinishedCallback
                0x080030d6        0x2 build/stm32f4xx_hal_tim.o
                0x080030d6                HAL_TIM_PWM_PulseFinishedCallback
 .text.HAL_TIM_TriggerCallback
                0x080030d8        0x2 build/stm32f4xx_hal_tim.o
                0x080030d8                HAL_TIM_TriggerCallback
 .text.HAL_TIM_IRQHandler
                0x080030da      0x17a build/stm32f4xx_hal_tim.o
                0x080030da                HAL_TIM_IRQHandler
 .text.TIM_Base_SetConfig
                0x08003254       0xc8 build/stm32f4xx_hal_tim.o
                0x08003254                TIM_Base_SetConfig
 .text.HAL_TIM_Base_Init
                0x0800331c       0x58 build/stm32f4xx_hal_tim.o
                0x0800331c                HAL_TIM_Base_Init
 .text.HAL_TIM_PWM_Init
                0x08003374       0x58 build/stm32f4xx_hal_tim.o
                0x08003374                HAL_TIM_PWM_Init
 .text.TIM_OC2_SetConfig
                0x080033cc       0x70 build/stm32f4xx_hal_tim.o
                0x080033cc                TIM_OC2_SetConfig
 .text.HAL_TIM_PWM_ConfigChannel
                0x0800343c       0xdc build/stm32f4xx_hal_tim.o
                0x0800343c                HAL_TIM_PWM_ConfigChannel
 .text.TIM_ETR_SetConfig
                0x08003518       0x1a build/stm32f4xx_hal_tim.o
                0x08003518                TIM_ETR_SetConfig
 .text.HAL_TIM_ConfigClockSource
                0x08003532       0xfe build/stm32f4xx_hal_tim.o
                0x08003532                HAL_TIM_ConfigClockSource
 .text.TIM_CCxChannelCmd
                0x08003630       0x1e build/stm32f4xx_hal_tim.o
                0x08003630                TIM_CCxChannelCmd
 *fill*         0x0800364e        0x2 
 .text.HAL_TIM_PWM_Start
                0x08003650      0x104 build/stm32f4xx_hal_tim.o
                0x08003650                HAL_TIM_PWM_Start
 .text.HAL_TIMEx_MasterConfigSynchronization
                0x08003754       0x8c build/stm32f4xx_hal_tim_ex.o
                0x08003754                HAL_TIMEx_MasterConfigSynchronization
 .text.HAL_TIMEx_ConfigBreakDeadTime
                0x080037e0       0x52 build/stm32f4xx_hal_tim_ex.o
                0x080037e0                HAL_TIMEx_ConfigBreakDeadTime
 .text.HAL_TIMEx_CommutCallback
                0x08003832        0x2 build/stm32f4xx_hal_tim_ex.o
                0x08003832                HAL_TIMEx_CommutCallback
 .text.HAL_TIMEx_BreakCallback
                0x08003834        0x2 build/stm32f4xx_hal_tim_ex.o
                0x08003834                HAL_TIMEx_BreakCallback
 .text.UART_EndTxTransfer
                0x08003836       0x20 build/stm32f4xx_hal_uart.o
 .text.UART_EndRxTransfer
                0x08003856       0x5c build/stm32f4xx_hal_uart.o
 .text.UART_Transmit_IT
                0x080038b2       0x60 build/stm32f4xx_hal_uart.o
 *fill*         0x08003912        0x2 
 .text.UART_SetConfig
                0x08003914      0x110 build/stm32f4xx_hal_uart.o
 .text.HAL_UART_Init
                0x08003a24       0x5e build/stm32f4xx_hal_uart.o
                0x08003a24                HAL_UART_Init
 .text.HAL_UART_Transmit_IT
                0x08003a82       0x4e build/stm32f4xx_hal_uart.o
                0x08003a82                HAL_UART_Transmit_IT
 .text.HAL_UART_TxCpltCallback
                0x08003ad0        0x2 build/stm32f4xx_hal_uart.o
                0x08003ad0                HAL_UART_TxCpltCallback
 .text.UART_EndTransmit_IT
                0x08003ad2       0x1a build/stm32f4xx_hal_uart.o
 .text.HAL_UART_RxHalfCpltCallback
                0x08003aec        0x2 build/stm32f4xx_hal_uart.o
                0x08003aec                HAL_UART_RxHalfCpltCallback
 .text.HAL_UART_ErrorCallback
                0x08003aee        0x2 build/stm32f4xx_hal_uart.o
                0x08003aee                HAL_UART_ErrorCallback
 .text.UART_DMAError
                0x08003af0       0x58 build/stm32f4xx_hal_uart.o
 .text.UART_DMAAbortOnError
                0x08003b48       0x10 build/stm32f4xx_hal_uart.o
 .text.HAL_UARTEx_RxEventCallback
                0x08003b58        0x2 build/stm32f4xx_hal_uart.o
                0x08003b58                HAL_UARTEx_RxEventCallback
 .text.UART_Receive_IT
                0x08003b5a       0xe2 build/stm32f4xx_hal_uart.o
 .text.HAL_UART_IRQHandler
                0x08003c3c      0x27c build/stm32f4xx_hal_uart.o
                0x08003c3c                HAL_UART_IRQHandler
 .text.UART_DMARxHalfCplt
                0x08003eb8       0x1a build/stm32f4xx_hal_uart.o
 .text.UART_DMAReceiveCplt
                0x08003ed2       0x96 build/stm32f4xx_hal_uart.o
 .text.UART_Start_Receive_DMA
                0x08003f68       0xa8 build/stm32f4xx_hal_uart.o
                0x08003f68                UART_Start_Receive_DMA
 .text.HAL_UART_Receive_DMA
                0x08004010       0x38 build/stm32f4xx_hal_uart.o
                0x08004010                HAL_UART_Receive_DMA
 .text.SystemInit
                0x08004048       0x14 build/system_stm32f4xx.o
                0x08004048                SystemInit
 .text.MX_TIM7_Init
                0x0800405c       0x50 build/tim.o
                0x0800405c                MX_TIM7_Init
 .text.HAL_TIM_Base_MspInit
                0x080040ac       0xa8 build/tim.o
                0x080040ac                HAL_TIM_Base_MspInit
 .text.HAL_TIM_MspPostInit
                0x08004154       0x94 build/tim.o
                0x08004154                HAL_TIM_MspPostInit
 .text.MX_TIM4_Init
                0x080041e8       0xec build/tim.o
                0x080041e8                MX_TIM4_Init
 .text.MX_TIM8_Init
                0x080042d4      0x100 build/tim.o
                0x080042d4                MX_TIM8_Init
 .text.Reset_Handler
                0x080043d4       0x50 build/startup_stm32f427xx.o
                0x080043d4                Reset_Handler
 .text.Default_Handler
                0x08004424        0x2 build/startup_stm32f427xx.o
                0x08004424                RTC_Alarm_IRQHandler
                0x08004424                HASH_RNG_IRQHandler
                0x08004424                EXTI2_IRQHandler
                0x08004424                UART8_IRQHandler
                0x08004424                SPI4_IRQHandler
                0x08004424                TIM1_CC_IRQHandler
                0x08004424                DMA2_Stream5_IRQHandler
                0x08004424                DMA1_Stream5_IRQHandler
                0x08004424                PVD_IRQHandler
                0x08004424                SDIO_IRQHandler
                0x08004424                TAMP_STAMP_IRQHandler
                0x08004424                CAN2_RX1_IRQHandler
                0x08004424                EXTI3_IRQHandler
                0x08004424                TIM8_TRG_COM_TIM14_IRQHandler
                0x08004424                TIM1_UP_TIM10_IRQHandler
                0x08004424                TIM8_UP_TIM13_IRQHandler
                0x08004424                I2C3_ER_IRQHandler
                0x08004424                EXTI0_IRQHandler
                0x08004424                I2C2_EV_IRQHandler
                0x08004424                DMA1_Stream2_IRQHandler
                0x08004424                FPU_IRQHandler
                0x08004424                OTG_HS_WKUP_IRQHandler
                0x08004424                CAN2_SCE_IRQHandler
                0x08004424                SPI1_IRQHandler
                0x08004424                TIM6_DAC_IRQHandler
                0x08004424                TIM1_BRK_TIM9_IRQHandler
                0x08004424                DCMI_IRQHandler
                0x08004424                CAN2_RX0_IRQHandler
                0x08004424                DMA2_Stream3_IRQHandler
                0x08004424                USART3_IRQHandler
                0x08004424                CAN1_RX1_IRQHandler
                0x08004424                UART5_IRQHandler
                0x08004424                DMA2_Stream0_IRQHandler
                0x08004424                I2C1_EV_IRQHandler
                0x08004424                DMA1_Stream6_IRQHandler
                0x08004424                DMA1_Stream1_IRQHandler
                0x08004424                UART4_IRQHandler
                0x08004424                TIM3_IRQHandler
                0x08004424                RCC_IRQHandler
                0x08004424                TIM8_BRK_TIM12_IRQHandler
                0x08004424                Default_Handler
                0x08004424                EXTI15_10_IRQHandler
                0x08004424                ADC_IRQHandler
                0x08004424                DMA1_Stream7_IRQHandler
                0x08004424                SPI5_IRQHandler
                0x08004424                CAN2_TX_IRQHandler
                0x08004424                TIM5_IRQHandler
                0x08004424                DMA2_Stream7_IRQHandler
                0x08004424                I2C3_EV_IRQHandler
                0x08004424                EXTI9_5_IRQHandler
                0x08004424                RTC_WKUP_IRQHandler
                0x08004424                ETH_WKUP_IRQHandler
                0x08004424                SPI2_IRQHandler
                0x08004424                OTG_HS_EP1_IN_IRQHandler
                0x08004424                DMA1_Stream0_IRQHandler
                0x08004424                CAN1_TX_IRQHandler
                0x08004424                EXTI4_IRQHandler
                0x08004424                ETH_IRQHandler
                0x08004424                OTG_HS_EP1_OUT_IRQHandler
                0x08004424                WWDG_IRQHandler
                0x08004424                SPI6_IRQHandler
                0x08004424                TIM2_IRQHandler
                0x08004424                OTG_FS_WKUP_IRQHandler
                0x08004424                TIM1_TRG_COM_TIM11_IRQHandler
                0x08004424                OTG_HS_IRQHandler
                0x08004424                DMA2D_IRQHandler
                0x08004424                EXTI1_IRQHandler
                0x08004424                UART7_IRQHandler
                0x08004424                USART2_IRQHandler
                0x08004424                I2C2_ER_IRQHandler
                0x08004424                DMA2_Stream1_IRQHandler
                0x08004424                CAN1_SCE_IRQHandler
                0x08004424                FLASH_IRQHandler
                0x08004424                DMA2_Stream4_IRQHandler
                0x08004424                OTG_FS_IRQHandler
                0x08004424                SPI3_IRQHandler
                0x08004424                DMA1_Stream4_IRQHandler
                0x08004424                I2C1_ER_IRQHandler
                0x08004424                FMC_IRQHandler
                0x08004424                DMA2_Stream6_IRQHandler
                0x08004424                SAI1_IRQHandler
                0x08004424                DMA1_Stream3_IRQHandler
 *fill*         0x08004426        0x2 
 .text.__libc_init_array
                0x08004428       0x48 /home/mondrian/opt/arm-gnu-toolchain-13.2.Rel1-x86_64-arm-none-eabi/bin/../lib/gcc/arm-none-eabi/13.2.1/../../../../arm-none-eabi/lib/thumb/v7e-m+fp/hard/libc_nano.a(libc_a-init.o)
                0x08004428                __libc_init_array
 .text.memset   0x08004470       0x10 /home/mondrian/opt/arm-gnu-toolchain-13.2.Rel1-x86_64-arm-none-eabi/bin/../lib/gcc/arm-none-eabi/13.2.1/../../../../arm-none-eabi/lib/thumb/v7e-m+fp/hard/libc_nano.a(libc_a-memset.o)
                0x08004470                memset
 .text.__udivmoddi4
                0x08004480      0x2bc /home/mondrian/opt/arm-gnu-toolchain-13.2.Rel1-x86_64-arm-none-eabi/bin/../lib/gcc/arm-none-eabi/13.2.1/thumb/v7e-m+fp/hard/libgcc.a(_udivmoddi4.o)
                0x08004480                __udivmoddi4
 *(.glue_7)
 .glue_7        0x0800473c        0x0 linker stubs
 *(.glue_7t)
 .glue_7t       0x0800473c        0x0 linker stubs
 *(.eh_frame)
 .eh_frame      0x0800473c        0x0 /home/mondrian/opt/arm-gnu-toolchain-13.2.Rel1-x86_64-arm-none-eabi/bin/../lib/gcc/arm-none-eabi/13.2.1/thumb/v7e-m+fp/hard/crtbegin.o
 *(.init)
 .init          0x0800473c        0x4 /home/mondrian/opt/arm-gnu-toolchain-13.2.Rel1-x86_64-arm-none-eabi/bin/../lib/gcc/arm-none-eabi/13.2.1/thumb/v7e-m+fp/hard/crti.o
                0x0800473c                _init
 .init          0x08004740        0x8 /home/mondrian/opt/arm-gnu-toolchain-13.2.Rel1-x86_64-arm-none-eabi/bin/../lib/gcc/arm-none-eabi/13.2.1/thumb/v7e-m+fp/hard/crtn.o
 *(.fini)
 .fini          0x08004748        0x4 /home/mondrian/opt/arm-gnu-toolchain-13.2.Rel1-x86_64-arm-none-eabi/bin/../lib/gcc/arm-none-eabi/13.2.1/thumb/v7e-m+fp/hard/crti.o
                0x08004748                _fini
 .fini          0x0800474c        0x8 /home/mondrian/opt/arm-gnu-toolchain-13.2.Rel1-x86_64-arm-none-eabi/bin/../lib/gcc/arm-none-eabi/13.2.1/thumb/v7e-m+fp/hard/crtn.o
                0x08004754                        . = ALIGN (0x4)
                0x08004754                        _etext = .

.vfp11_veneer   0x08004754        0x0
 .vfp11_veneer  0x08004754        0x0 linker stubs

.v4_bx          0x08004754        0x0
 .v4_bx         0x08004754        0x0 linker stubs

.iplt           0x08004754        0x0
 .iplt          0x08004754        0x0 /home/mondrian/opt/arm-gnu-toolchain-13.2.Rel1-x86_64-arm-none-eabi/bin/../lib/gcc/arm-none-eabi/13.2.1/thumb/v7e-m+fp/hard/crtbegin.o

.rodata         0x08004754       0x20
                0x08004754                        . = ALIGN (0x4)
 *(.rodata)
 *(.rodata*)
 .rodata.flagBitshiftOffset.0
                0x08004754        0x8 build/stm32f4xx_hal_dma.o
 .rodata.APBPrescTable
                0x0800475c        0x8 build/system_stm32f4xx.o
                0x0800475c                APBPrescTable
 .rodata.AHBPrescTable
                0x08004764       0x10 build/system_stm32f4xx.o
                0x08004764                AHBPrescTable
                0x08004774                        . = ALIGN (0x4)

.ARM.extab
 *(.ARM.extab* .gnu.linkonce.armextab.*)

.ARM            0x08004774        0x8
                0x08004774                        __exidx_start = .
 *(.ARM.exidx*)
 .ARM.exidx.text.__udivmoddi4
                0x08004774        0x8 /home/mondrian/opt/arm-gnu-toolchain-13.2.Rel1-x86_64-arm-none-eabi/bin/../lib/gcc/arm-none-eabi/13.2.1/thumb/v7e-m+fp/hard/libgcc.a(_udivmoddi4.o)
                0x0800477c                        __exidx_end = .

.rel.dyn        0x0800477c        0x0
 .rel.iplt      0x0800477c        0x0 /home/mondrian/opt/arm-gnu-toolchain-13.2.Rel1-x86_64-arm-none-eabi/bin/../lib/gcc/arm-none-eabi/13.2.1/thumb/v7e-m+fp/hard/crtbegin.o

.preinit_array  0x0800477c        0x0
                0x0800477c                        PROVIDE (__preinit_array_start = .)
 *(.preinit_array*)
                0x0800477c                        PROVIDE (__preinit_array_end = .)

.init_array     0x0800477c        0x4
                0x0800477c                        PROVIDE (__init_array_start = .)
 *(SORT_BY_NAME(.init_array.*))
 *(.init_array*)
 .init_array    0x0800477c        0x4 /home/mondrian/opt/arm-gnu-toolchain-13.2.Rel1-x86_64-arm-none-eabi/bin/../lib/gcc/arm-none-eabi/13.2.1/thumb/v7e-m+fp/hard/crtbegin.o
                0x08004780                        PROVIDE (__init_array_end = .)

.fini_array     0x08004780        0x4
                [!provide]                        PROVIDE (__fini_array_start = .)
 *(SORT_BY_NAME(.fini_array.*))
 *(.fini_array*)
 .fini_array    0x08004780        0x4 /home/mondrian/opt/arm-gnu-toolchain-13.2.Rel1-x86_64-arm-none-eabi/bin/../lib/gcc/arm-none-eabi/13.2.1/thumb/v7e-m+fp/hard/crtbegin.o
                [!provide]                        PROVIDE (__fini_array_end = .)
                0x08004784                        _sidata = LOADADDR (.data)

.data           0x20000000       0x24 load address 0x08004784
                0x20000000                        . = ALIGN (0x4)
                0x20000000                        _sdata = .
 *(.data)
 *(.data*)
 .data.Step_Stop
                0x20000000        0x5 build/main.o
                0x20000000                Step_Stop
 *fill*         0x20000005        0x3 
 .data.Step_CCW
                0x20000008        0x8 build/main.o
                0x20000008                Step_CCW
 .data.Step_CW  0x20000010        0x8 build/main.o
                0x20000010                Step_CW
 .data.uwTickFreq
                0x20000018        0x1 build/stm32f4xx_hal.o
                0x20000018                uwTickFreq
 *fill*         0x20000019        0x3 
 .data.uwTickPrio
                0x2000001c        0x4 build/stm32f4xx_hal.o
                0x2000001c                uwTickPrio
 .data.SystemCoreClock
                0x20000020        0x4 build/system_stm32f4xx.o
                0x20000020                SystemCoreClock
                0x20000024                        . = ALIGN (0x4)
                0x20000024                        _edata = .
                0x080047a8                        _siccmram = LOADADDR (.ccmram)

.tm_clone_table
                0x20000024        0x0 load address 0x080047a8
 .tm_clone_table
                0x20000024        0x0 /home/mondrian/opt/arm-gnu-toolchain-13.2.Rel1-x86_64-arm-none-eabi/bin/../lib/gcc/arm-none-eabi/13.2.1/thumb/v7e-m+fp/hard/crtbegin.o
 .tm_clone_table
                0x20000024        0x0 /home/mondrian/opt/arm-gnu-toolchain-13.2.Rel1-x86_64-arm-none-eabi/bin/../lib/gcc/arm-none-eabi/13.2.1/thumb/v7e-m+fp/hard/crtend.o

.igot.plt       0x20000024        0x0 load address 0x080047a8
 .igot.plt      0x20000024        0x0 /home/mondrian/opt/arm-gnu-toolchain-13.2.Rel1-x86_64-arm-none-eabi/bin/../lib/gcc/arm-none-eabi/13.2.1/thumb/v7e-m+fp/hard/crtbegin.o

.ccmram         0x10000000        0x0 load address 0x080047a8
                0x10000000                        . = ALIGN (0x4)
                0x10000000                        _sccmram = .
 *(.ccmram)
 *(.ccmram*)
                0x10000000                        . = ALIGN (0x4)
                0x10000000                        _eccmram = .
                0x10000000                        . = ALIGN (0x4)

.bss            0x20000028      0x398
                0x20000028                        _sbss = .
                0x20000028                        __bss_start__ = _sbss
 *(.bss)
 *(.bss*)
 .bss.completed.1
                0x20000028        0x1 /home/mondrian/opt/arm-gnu-toolchain-13.2.Rel1-x86_64-arm-none-eabi/bin/../lib/gcc/arm-none-eabi/13.2.1/thumb/v7e-m+fp/hard/crtbegin.o
 *fill*         0x20000029        0x3 
 .bss.object.0  0x2000002c       0x18 /home/mondrian/opt/arm-gnu-toolchain-13.2.Rel1-x86_64-arm-none-eabi/bin/../lib/gcc/arm-none-eabi/13.2.1/thumb/v7e-m+fp/hard/crtbegin.o
 .bss.tx_data.0
                0x20000044        0x8 build/can3508.o
 .bss.tx_header.1
                0x2000004c       0x18 build/can3508.o
 .bss.M2006_1   0x20000064        0xc build/can3508.o
                0x20000064                M2006_1
 .bss.M3508_2   0x20000070        0xc build/can3508.o
                0x20000070                M3508_2
 .bss.M3508_1   0x2000007c        0xc build/can3508.o
                0x2000007c                M3508_1
 .bss.M2006_1_PID_S
                0x20000088       0x34 build/pid.o
                0x20000088                M2006_1_PID_S
 .bss.M3508_1_PID_S
                0x200000bc       0x34 build/pid.o
                0x200000bc                M3508_1_PID_S
 .bss.M3508_2_PID_S
                0x200000f0       0x34 build/pid.o
                0x200000f0                M3508_2_PID_S
 .bss.sbus_buf  0x20000124       0x12 build/main.o
                0x20000124                sbus_buf
 .bss.Dart_test_flag
                0x20000136        0x2 build/main.o
                0x20000136                Dart_test_flag
 .bss.Dart_Key_flag
                0x20000138        0x2 build/main.o
                0x20000138                Dart_Key_flag
 .bss.Dart_shoot_flag
                0x2000013a        0x2 build/main.o
                0x2000013a                Dart_shoot_flag
 .bss.M2006_1_Speed
                0x2000013c        0x4 build/main.o
                0x2000013c                M2006_1_Speed
 .bss.M3508_2_Speed
                0x20000140        0x4 build/main.o
                0x20000140                M3508_2_Speed
 .bss.M3508_1_Speed
                0x20000144        0x4 build/main.o
                0x20000144                M3508_1_Speed
 .bss.Filter_RC
                0x20000148       0x68 build/main.o
                0x20000148                Filter_RC
 .bss.ctl       0x200001b0       0x24 build/main.o
                0x200001b0                ctl
 .bss.hcan1     0x200001d4       0x28 build/can.o
                0x200001d4                hcan1
 .bss.hdma_usart1_rx
                0x200001fc       0x60 build/usart.o
                0x200001fc                hdma_usart1_rx
 .bss.huart6    0x2000025c       0x44 build/usart.o
                0x2000025c                huart6
 .bss.huart1    0x200002a0       0x44 build/usart.o
                0x200002a0                huart1
 .bss.uwTick    0x200002e4        0x4 build/stm32f4xx_hal.o
                0x200002e4                uwTick
 .bss.htim8     0x200002e8       0x48 build/tim.o
                0x200002e8                htim8
 .bss.htim7     0x20000330       0x48 build/tim.o
                0x20000330                htim7
 .bss.htim4     0x20000378       0x48 build/tim.o
                0x20000378                htim4
 *(COMMON)
                0x200003c0                        . = ALIGN (0x4)
                0x200003c0                        _ebss = .
                0x200003c0                        __bss_end__ = _ebss

._user_heap_stack
                0x200003c0      0x600
                0x200003c0                        . = ALIGN (0x8)
                0x200003c0                        PROVIDE (end = .)
                [!provide]                        PROVIDE (_end = .)
                0x200005c0                        . = (. + _Min_Heap_Size)
 *fill*         0x200003c0      0x200 
                0x200009c0                        . = (. + _Min_Stack_Size)
 *fill*         0x200005c0      0x400 
                0x200009c0                        . = ALIGN (0x8)

/DISCARD/
 libc.a(*)
 libm.a(*)
 libgcc.a(*)

.ARM.attributes
                0x00000000       0x30
 *(.ARM.attributes)
 .ARM.attributes
                0x00000000       0x22 /home/mondrian/opt/arm-gnu-toolchain-13.2.Rel1-x86_64-arm-none-eabi/bin/../lib/gcc/arm-none-eabi/13.2.1/thumb/v7e-m+fp/hard/crti.o
 .ARM.attributes
                0x00000022       0x34 /home/mondrian/opt/arm-gnu-toolchain-13.2.Rel1-x86_64-arm-none-eabi/bin/../lib/gcc/arm-none-eabi/13.2.1/thumb/v7e-m+fp/hard/crtbegin.o
 .ARM.attributes
                0x00000056       0x34 build/control.o
 .ARM.attributes
                0x0000008a       0x34 build/can3508.o
 .ARM.attributes
                0x000000be       0x34 build/pid.o
 .ARM.attributes
                0x000000f2       0x34 build/main.o
 .ARM.attributes
                0x00000126       0x34 build/gpio.o
 .ARM.attributes
                0x0000015a       0x34 build/can.o
 .ARM.attributes
                0x0000018e       0x34 build/dma.o
 .ARM.attributes
                0x000001c2       0x34 build/usart.o
 .ARM.attributes
                0x000001f6       0x34 build/stm32f4xx_it.o
 .ARM.attributes
                0x0000022a       0x34 build/stm32f4xx_hal_msp.o
 .ARM.attributes
                0x0000025e       0x34 build/stm32f4xx_hal_can.o
 .ARM.attributes
                0x00000292       0x34 build/stm32f4xx_hal_rcc.o
 .ARM.attributes
                0x000002c6       0x34 build/stm32f4xx_hal_gpio.o
 .ARM.attributes
                0x000002fa       0x34 build/stm32f4xx_hal_dma.o
 .ARM.attributes
                0x0000032e       0x34 build/stm32f4xx_hal_cortex.o
 .ARM.attributes
                0x00000362       0x34 build/stm32f4xx_hal.o
 .ARM.attributes
                0x00000396       0x34 build/stm32f4xx_hal_tim.o
 .ARM.attributes
                0x000003ca       0x34 build/stm32f4xx_hal_tim_ex.o
 .ARM.attributes
                0x000003fe       0x34 build/stm32f4xx_hal_uart.o
 .ARM.attributes
                0x00000432       0x34 build/system_stm32f4xx.o
 .ARM.attributes
                0x00000466       0x34 build/tim.o
 .ARM.attributes
                0x0000049a       0x21 build/startup_stm32f427xx.o
 .ARM.attributes
                0x000004bb       0x34 /home/mondrian/opt/arm-gnu-toolchain-13.2.Rel1-x86_64-arm-none-eabi/bin/../lib/gcc/arm-none-eabi/13.2.1/../../../../arm-none-eabi/lib/thumb/v7e-m+fp/hard/libc_nano.a(libc_a-init.o)
 .ARM.attributes
                0x000004ef       0x34 /home/mondrian/opt/arm-gnu-toolchain-13.2.Rel1-x86_64-arm-none-eabi/bin/../lib/gcc/arm-none-eabi/13.2.1/../../../../arm-none-eabi/lib/thumb/v7e-m+fp/hard/libc_nano.a(libc_a-memset.o)
 .ARM.attributes
                0x00000523       0x22 /home/mondrian/opt/arm-gnu-toolchain-13.2.Rel1-x86_64-arm-none-eabi/bin/../lib/gcc/arm-none-eabi/13.2.1/thumb/v7e-m+fp/hard/libgcc.a(_arm_addsubdf3.o)
 .ARM.attributes
                0x00000545       0x22 /home/mondrian/opt/arm-gnu-toolchain-13.2.Rel1-x86_64-arm-none-eabi/bin/../lib/gcc/arm-none-eabi/13.2.1/thumb/v7e-m+fp/hard/libgcc.a(_arm_muldivdf3.o)
 .ARM.attributes
                0x00000567       0x22 /home/mondrian/opt/arm-gnu-toolchain-13.2.Rel1-x86_64-arm-none-eabi/bin/../lib/gcc/arm-none-eabi/13.2.1/thumb/v7e-m+fp/hard/libgcc.a(_arm_fixdfsi.o)
 .ARM.attributes
                0x00000589       0x22 /home/mondrian/opt/arm-gnu-toolchain-13.2.Rel1-x86_64-arm-none-eabi/bin/../lib/gcc/arm-none-eabi/13.2.1/thumb/v7e-m+fp/hard/libgcc.a(_aeabi_uldivmod.o)
 .ARM.attributes
                0x000005ab       0x34 /home/mondrian/opt/arm-gnu-toolchain-13.2.Rel1-x86_64-arm-none-eabi/bin/../lib/gcc/arm-none-eabi/13.2.1/thumb/v7e-m+fp/hard/libgcc.a(_udivmoddi4.o)
 .ARM.attributes
                0x000005df       0x22 /home/mondrian/opt/arm-gnu-toolchain-13.2.Rel1-x86_64-arm-none-eabi/bin/../lib/gcc/arm-none-eabi/13.2.1/thumb/v7e-m+fp/hard/libgcc.a(_dvmd_tls.o)
 .ARM.attributes
                0x00000601       0x34 /home/mondrian/opt/arm-gnu-toolchain-13.2.Rel1-x86_64-arm-none-eabi/bin/../lib/gcc/arm-none-eabi/13.2.1/thumb/v7e-m+fp/hard/crtend.o
 .ARM.attributes
                0x00000635       0x22 /home/mondrian/opt/arm-gnu-toolchain-13.2.Rel1-x86_64-arm-none-eabi/bin/../lib/gcc/arm-none-eabi/13.2.1/thumb/v7e-m+fp/hard/crtn.o
OUTPUT(build/Dart_A.elf elf32-littlearm)
LOAD linker stubs
LOAD /home/mondrian/opt/arm-gnu-toolchain-13.2.Rel1-x86_64-arm-none-eabi/bin/../lib/gcc/arm-none-eabi/13.2.1/../../../../arm-none-eabi/lib/thumb/v7e-m+fp/hard/libc.a
LOAD /home/mondrian/opt/arm-gnu-toolchain-13.2.Rel1-x86_64-arm-none-eabi/bin/../lib/gcc/arm-none-eabi/13.2.1/../../../../arm-none-eabi/lib/thumb/v7e-m+fp/hard/libm.a
LOAD /home/mondrian/opt/arm-gnu-toolchain-13.2.Rel1-x86_64-arm-none-eabi/bin/../lib/gcc/arm-none-eabi/13.2.1/thumb/v7e-m+fp/hard/libgcc.a

.debug_info     0x00000000    0x17f82
 .debug_info    0x00000000      0x465 build/control.o
 .debug_info    0x00000465      0xa59 build/can3508.o
 .debug_info    0x00000ebe      0x3e3 build/pid.o
 .debug_info    0x000012a1     0x210d build/main.o
 .debug_info    0x000033ae      0x5a4 build/gpio.o
 .debug_info    0x00003952      0xd04 build/can.o
 .debug_info    0x00004656      0x5b3 build/dma.o
 .debug_info    0x00004c09      0xf89 build/usart.o
 .debug_info    0x00005b92     0x107c build/stm32f4xx_it.o
 .debug_info    0x00006c0e      0x30d build/stm32f4xx_hal_msp.o
 .debug_info    0x00006f1b     0x138b build/stm32f4xx_hal_can.o
 .debug_info    0x000082a6      0xc2c build/stm32f4xx_hal_rcc.o
 .debug_info    0x00008ed2      0x86a build/stm32f4xx_hal_gpio.o
 .debug_info    0x0000973c      0xbce build/stm32f4xx_hal_dma.o
 .debug_info    0x0000a30a     0x11b0 build/stm32f4xx_hal_cortex.o
 .debug_info    0x0000b4ba      0xb74 build/stm32f4xx_hal.o
 .debug_info    0x0000c02e     0x4122 build/stm32f4xx_hal_tim.o
 .debug_info    0x00010150     0x1d76 build/stm32f4xx_hal_tim_ex.o
 .debug_info    0x00011ec6     0x44af build/stm32f4xx_hal_uart.o
 .debug_info    0x00016375      0x5d5 build/system_stm32f4xx.o
 .debug_info    0x0001694a     0x1608 build/tim.o
 .debug_info    0x00017f52       0x30 build/startup_stm32f427xx.o

.debug_abbrev   0x00000000     0x2eaa
 .debug_abbrev  0x00000000      0x148 build/control.o
 .debug_abbrev  0x00000148      0x1d2 build/can3508.o
 .debug_abbrev  0x0000031a      0x171 build/pid.o
 .debug_abbrev  0x0000048b      0x367 build/main.o
 .debug_abbrev  0x000007f2      0x160 build/gpio.o
 .debug_abbrev  0x00000952      0x225 build/can.o
 .debug_abbrev  0x00000b77      0x12f build/dma.o
 .debug_abbrev  0x00000ca6      0x240 build/usart.o
 .debug_abbrev  0x00000ee6      0x1d3 build/stm32f4xx_it.o
 .debug_abbrev  0x000010b9       0xd3 build/stm32f4xx_hal_msp.o
 .debug_abbrev  0x0000118c      0x281 build/stm32f4xx_hal_can.o
 .debug_abbrev  0x0000140d      0x2de build/stm32f4xx_hal_rcc.o
 .debug_abbrev  0x000016eb      0x22b build/stm32f4xx_hal_gpio.o
 .debug_abbrev  0x00001916      0x2fe build/stm32f4xx_hal_dma.o
 .debug_abbrev  0x00001c14      0x3d3 build/stm32f4xx_hal_cortex.o
 .debug_abbrev  0x00001fe7      0x244 build/stm32f4xx_hal.o
 .debug_abbrev  0x0000222b      0x2b6 build/stm32f4xx_hal_tim.o
 .debug_abbrev  0x000024e1      0x2b0 build/stm32f4xx_hal_tim_ex.o
 .debug_abbrev  0x00002791      0x36f build/stm32f4xx_hal_uart.o
 .debug_abbrev  0x00002b00      0x11b build/system_stm32f4xx.o
 .debug_abbrev  0x00002c1b      0x272 build/tim.o
 .debug_abbrev  0x00002e8d       0x1d build/startup_stm32f427xx.o

.debug_loc      0x00000000    0x11cbb
 .debug_loc     0x00000000      0x1a5 build/control.o
 .debug_loc     0x000001a5      0x1b1 build/can3508.o
 .debug_loc     0x00000356      0x162 build/pid.o
 .debug_loc     0x000004b8      0x1f3 build/main.o
 .debug_loc     0x000006ab       0x39 build/gpio.o
 .debug_loc     0x000006e4      0x120 build/can.o
 .debug_loc     0x00000804       0x38 build/dma.o
 .debug_loc     0x0000083c      0x174 build/usart.o
 .debug_loc     0x000009b0      0x100 build/stm32f4xx_it.o
 .debug_loc     0x00000ab0       0x2c build/stm32f4xx_hal_msp.o
 .debug_loc     0x00000adc     0x1127 build/stm32f4xx_hal_can.o
 .debug_loc     0x00001c03      0x720 build/stm32f4xx_hal_rcc.o
 .debug_loc     0x00002323      0x60b build/stm32f4xx_hal_gpio.o
 .debug_loc     0x0000292e      0xe9a build/stm32f4xx_hal_dma.o
 .debug_loc     0x000037c8      0x8df build/stm32f4xx_hal_cortex.o
 .debug_loc     0x000040a7      0x1f9 build/stm32f4xx_hal.o
 .debug_loc     0x000042a0     0x606e build/stm32f4xx_hal_tim.o
 .debug_loc     0x0000a30e     0x2265 build/stm32f4xx_hal_tim_ex.o
 .debug_loc     0x0000c573     0x52b6 build/stm32f4xx_hal_uart.o
 .debug_loc     0x00011829      0x181 build/system_stm32f4xx.o
 .debug_loc     0x000119aa      0x311 build/tim.o

.debug_aranges  0x00000000      0xe98
 .debug_aranges
                0x00000000       0x40 build/control.o
 .debug_aranges
                0x00000040       0x30 build/can3508.o
 .debug_aranges
                0x00000070       0x38 build/pid.o
 .debug_aranges
                0x000000a8       0x40 build/main.o
 .debug_aranges
                0x000000e8       0x20 build/gpio.o
 .debug_aranges
                0x00000108       0x30 build/can.o
 .debug_aranges
                0x00000138       0x20 build/dma.o
 .debug_aranges
                0x00000158       0x38 build/usart.o
 .debug_aranges
                0x00000190       0x98 build/stm32f4xx_it.o
 .debug_aranges
                0x00000228       0x20 build/stm32f4xx_hal_msp.o
 .debug_aranges
                0x00000248      0x138 build/stm32f4xx_hal_can.o
 .debug_aranges
                0x00000380       0x88 build/stm32f4xx_hal_rcc.o
 .debug_aranges
                0x00000408       0x58 build/stm32f4xx_hal_gpio.o
 .debug_aranges
                0x00000460       0x90 build/stm32f4xx_hal_dma.o
 .debug_aranges
                0x000004f0       0xd8 build/stm32f4xx_hal_cortex.o
 .debug_aranges
                0x000005c8      0x100 build/stm32f4xx_hal.o
 .debug_aranges
                0x000006c8      0x3d0 build/stm32f4xx_hal_tim.o
 .debug_aranges
                0x00000a98      0x168 build/stm32f4xx_hal_tim_ex.o
 .debug_aranges
                0x00000c00      0x200 build/stm32f4xx_hal_uart.o
 .debug_aranges
                0x00000e00       0x28 build/system_stm32f4xx.o
 .debug_aranges
                0x00000e28       0x48 build/tim.o
 .debug_aranges
                0x00000e70       0x28 build/startup_stm32f427xx.o

.debug_ranges   0x00000000      0xd70
 .debug_ranges  0x00000000       0x30 build/control.o
 .debug_ranges  0x00000030       0x20 build/can3508.o
 .debug_ranges  0x00000050       0x28 build/pid.o
 .debug_ranges  0x00000078       0x30 build/main.o
 .debug_ranges  0x000000a8       0x10 build/gpio.o
 .debug_ranges  0x000000b8       0x20 build/can.o
 .debug_ranges  0x000000d8       0x10 build/dma.o
 .debug_ranges  0x000000e8       0x28 build/usart.o
 .debug_ranges  0x00000110       0x88 build/stm32f4xx_it.o
 .debug_ranges  0x00000198       0x10 build/stm32f4xx_hal_msp.o
 .debug_ranges  0x000001a8      0x128 build/stm32f4xx_hal_can.o
 .debug_ranges  0x000002d0       0x90 build/stm32f4xx_hal_rcc.o
 .debug_ranges  0x00000360       0x48 build/stm32f4xx_hal_gpio.o
 .debug_ranges  0x000003a8       0x80 build/stm32f4xx_hal_dma.o
 .debug_ranges  0x00000428       0xc8 build/stm32f4xx_hal_cortex.o
 .debug_ranges  0x000004f0       0xf0 build/stm32f4xx_hal.o
 .debug_ranges  0x000005e0      0x3c0 build/stm32f4xx_hal_tim.o
 .debug_ranges  0x000009a0      0x158 build/stm32f4xx_hal_tim_ex.o
 .debug_ranges  0x00000af8      0x208 build/stm32f4xx_hal_uart.o
 .debug_ranges  0x00000d00       0x18 build/system_stm32f4xx.o
 .debug_ranges  0x00000d18       0x38 build/tim.o
 .debug_ranges  0x00000d50       0x20 build/startup_stm32f427xx.o

.debug_line     0x00000000    0x100fc
 .debug_line    0x00000000      0x358 build/control.o
 .debug_line    0x00000358      0x3cd build/can3508.o
 .debug_line    0x00000725      0x15c build/pid.o
 .debug_line    0x00000881      0x689 build/main.o
 .debug_line    0x00000f0a      0x209 build/gpio.o
 .debug_line    0x00001113      0x31f build/can.o
 .debug_line    0x00001432      0x1a5 build/dma.o
 .debug_line    0x000015d7      0x43a build/usart.o
 .debug_line    0x00001a11      0x389 build/stm32f4xx_it.o
 .debug_line    0x00001d9a      0x17d build/stm32f4xx_hal_msp.o
 .debug_line    0x00001f17     0x114e build/stm32f4xx_hal_can.o
 .debug_line    0x00003065      0xbaa build/stm32f4xx_hal_rcc.o
 .debug_line    0x00003c0f      0x743 build/stm32f4xx_hal_gpio.o
 .debug_line    0x00004352      0xe59 build/stm32f4xx_hal_dma.o
 .debug_line    0x000051ab      0x80e build/stm32f4xx_hal_cortex.o
 .debug_line    0x000059b9      0x5c5 build/stm32f4xx_hal.o
 .debug_line    0x00005f7e     0x475d build/stm32f4xx_hal_tim.o
 .debug_line    0x0000a6db     0x1af3 build/stm32f4xx_hal_tim_ex.o
 .debug_line    0x0000c1ce     0x35d5 build/stm32f4xx_hal_uart.o
 .debug_line    0x0000f7a3      0x274 build/system_stm32f4xx.o
 .debug_line    0x0000fa17      0x672 build/tim.o
 .debug_line    0x00010089       0x73 build/startup_stm32f427xx.o

.debug_str      0x00000000     0x4841
 .debug_str     0x00000000     0x4841 build/control.o
                                0x341 (size before relaxing)
 .debug_str     0x00004841      0x6ee build/can3508.o
 .debug_str     0x00004841      0x222 build/pid.o
 .debug_str     0x00004841     0x12b1 build/main.o
 .debug_str     0x00004841      0x36a build/gpio.o
 .debug_str     0x00004841      0xbae build/can.o
 .debug_str     0x00004841      0x80a build/dma.o
 .debug_str     0x00004841      0xdc5 build/usart.o
 .debug_str     0x00004841      0xcae build/stm32f4xx_it.o
 .debug_str     0x00004841      0x2ab build/stm32f4xx_hal_msp.o
 .debug_str     0x00004841      0xa28 build/stm32f4xx_hal_can.o
 .debug_str     0x00004841      0x6f6 build/stm32f4xx_hal_rcc.o
 .debug_str     0x00004841      0x4d0 build/stm32f4xx_hal_gpio.o
 .debug_str     0x00004841      0x753 build/stm32f4xx_hal_dma.o
 .debug_str     0x00004841      0xc56 build/stm32f4xx_hal_cortex.o
 .debug_str     0x00004841      0xbdc build/stm32f4xx_hal.o
 .debug_str     0x00004841     0x16cc build/stm32f4xx_hal_tim.o
 .debug_str     0x00004841      0xee8 build/stm32f4xx_hal_tim_ex.o
 .debug_str     0x00004841      0xd36 build/stm32f4xx_hal_uart.o
 .debug_str     0x00004841      0x365 build/system_stm32f4xx.o
 .debug_str     0x00004841     0x1105 build/tim.o
 .debug_str     0x00004841       0x5f build/startup_stm32f427xx.o

.comment        0x00000000       0x44
 .comment       0x00000000       0x44 build/control.o
                                 0x45 (size before relaxing)
 .comment       0x00000044       0x45 build/can3508.o
 .comment       0x00000044       0x45 build/pid.o
 .comment       0x00000044       0x45 build/main.o
 .comment       0x00000044       0x45 build/gpio.o
 .comment       0x00000044       0x45 build/can.o
 .comment       0x00000044       0x45 build/dma.o
 .comment       0x00000044       0x45 build/usart.o
 .comment       0x00000044       0x45 build/stm32f4xx_it.o
 .comment       0x00000044       0x45 build/stm32f4xx_hal_msp.o
 .comment       0x00000044       0x45 build/stm32f4xx_hal_can.o
 .comment       0x00000044       0x45 build/stm32f4xx_hal_rcc.o
 .comment       0x00000044       0x45 build/stm32f4xx_hal_gpio.o
 .comment       0x00000044       0x45 build/stm32f4xx_hal_dma.o
 .comment       0x00000044       0x45 build/stm32f4xx_hal_cortex.o
 .comment       0x00000044       0x45 build/stm32f4xx_hal.o
 .comment       0x00000044       0x45 build/stm32f4xx_hal_tim.o
 .comment       0x00000044       0x45 build/stm32f4xx_hal_tim_ex.o
 .comment       0x00000044       0x45 build/stm32f4xx_hal_uart.o
 .comment       0x00000044       0x45 build/system_stm32f4xx.o
 .comment       0x00000044       0x45 build/tim.o

.debug_frame    0x00000000     0x2710
 .debug_frame   0x00000000       0x90 build/control.o
 .debug_frame   0x00000090       0x68 build/can3508.o
 .debug_frame   0x000000f8       0x94 build/pid.o
 .debug_frame   0x0000018c       0xa4 build/main.o
 .debug_frame   0x00000230       0x34 build/gpio.o
 .debug_frame   0x00000264       0x60 build/can.o
 .debug_frame   0x000002c4       0x2c build/dma.o
 .debug_frame   0x000002f0       0x7c build/usart.o
 .debug_frame   0x0000036c      0x150 build/stm32f4xx_it.o
 .debug_frame   0x000004bc       0x28 build/stm32f4xx_hal_msp.o
 .debug_frame   0x000004e4      0x2d8 build/stm32f4xx_hal_can.o
 .debug_frame   0x000007bc      0x16c build/stm32f4xx_hal_rcc.o
 .debug_frame   0x00000928       0xd8 build/stm32f4xx_hal_gpio.o
 .debug_frame   0x00000a00      0x188 build/stm32f4xx_hal_dma.o
 .debug_frame   0x00000b88      0x1cc build/stm32f4xx_hal_cortex.o
 .debug_frame   0x00000d54      0x20c build/stm32f4xx_hal.o
 .debug_frame   0x00000f60      0xb0c build/stm32f4xx_hal_tim.o
 .debug_frame   0x00001a6c      0x418 build/stm32f4xx_hal_tim_ex.o
 .debug_frame   0x00001e84      0x5c4 build/stm32f4xx_hal_uart.o
 .debug_frame   0x00002448       0x30 build/system_stm32f4xx.o
 .debug_frame   0x00002478       0xcc build/tim.o
 .debug_frame   0x00002544       0x2c /home/mondrian/opt/arm-gnu-toolchain-13.2.Rel1-x86_64-arm-none-eabi/bin/../lib/gcc/arm-none-eabi/13.2.1/../../../../arm-none-eabi/lib/thumb/v7e-m+fp/hard/libc_nano.a(libc_a-init.o)
 .debug_frame   0x00002570       0x20 /home/mondrian/opt/arm-gnu-toolchain-13.2.Rel1-x86_64-arm-none-eabi/bin/../lib/gcc/arm-none-eabi/13.2.1/../../../../arm-none-eabi/lib/thumb/v7e-m+fp/hard/libc_nano.a(libc_a-memset.o)
 .debug_frame   0x00002590       0xac /home/mondrian/opt/arm-gnu-toolchain-13.2.Rel1-x86_64-arm-none-eabi/bin/../lib/gcc/arm-none-eabi/13.2.1/thumb/v7e-m+fp/hard/libgcc.a(_arm_addsubdf3.o)
 .debug_frame   0x0000263c       0x50 /home/mondrian/opt/arm-gnu-toolchain-13.2.Rel1-x86_64-arm-none-eabi/bin/../lib/gcc/arm-none-eabi/13.2.1/thumb/v7e-m+fp/hard/libgcc.a(_arm_muldivdf3.o)
 .debug_frame   0x0000268c       0x24 /home/mondrian/opt/arm-gnu-toolchain-13.2.Rel1-x86_64-arm-none-eabi/bin/../lib/gcc/arm-none-eabi/13.2.1/thumb/v7e-m+fp/hard/libgcc.a(_arm_fixdfsi.o)
 .debug_frame   0x000026b0       0x2c /home/mondrian/opt/arm-gnu-toolchain-13.2.Rel1-x86_64-arm-none-eabi/bin/../lib/gcc/arm-none-eabi/13.2.1/thumb/v7e-m+fp/hard/libgcc.a(_aeabi_uldivmod.o)
 .debug_frame   0x000026dc       0x34 /home/mondrian/opt/arm-gnu-toolchain-13.2.Rel1-x86_64-arm-none-eabi/bin/../lib/gcc/arm-none-eabi/13.2.1/thumb/v7e-m+fp/hard/libgcc.a(_udivmoddi4.o)

.debug_line_str
                0x00000000       0xdb
 .debug_line_str
                0x00000000       0xdb /home/mondrian/opt/arm-gnu-toolchain-13.2.Rel1-x86_64-arm-none-eabi/bin/../lib/gcc/arm-none-eabi/13.2.1/thumb/v7e-m+fp/hard/libgcc.a(_arm_addsubdf3.o)
                                 0xc7 (size before relaxing)
 .debug_line_str
                0x000000db       0xc7 /home/mondrian/opt/arm-gnu-toolchain-13.2.Rel1-x86_64-arm-none-eabi/bin/../lib/gcc/arm-none-eabi/13.2.1/thumb/v7e-m+fp/hard/libgcc.a(_arm_muldivdf3.o)
 .debug_line_str
                0x000000db       0xc7 /home/mondrian/opt/arm-gnu-toolchain-13.2.Rel1-x86_64-arm-none-eabi/bin/../lib/gcc/arm-none-eabi/13.2.1/thumb/v7e-m+fp/hard/libgcc.a(_arm_fixdfsi.o)
 .debug_line_str
                0x000000db       0xc2 /home/mondrian/opt/arm-gnu-toolchain-13.2.Rel1-x86_64-arm-none-eabi/bin/../lib/gcc/arm-none-eabi/13.2.1/thumb/v7e-m+fp/hard/libgcc.a(_aeabi_uldivmod.o)
 .debug_line_str
                0x000000db       0xc6 /home/mondrian/opt/arm-gnu-toolchain-13.2.Rel1-x86_64-arm-none-eabi/bin/../lib/gcc/arm-none-eabi/13.2.1/thumb/v7e-m+fp/hard/libgcc.a(_dvmd_tls.o)

Cross Reference Table

Symbol                                            File
ADC_IRQHandler                                    build/startup_stm32f427xx.o
AHBPrescTable                                     build/system_stm32f4xx.o
                                                  build/stm32f4xx_hal_rcc.o
APBPrescTable                                     build/system_stm32f4xx.o
                                                  build/stm32f4xx_hal_rcc.o
BusFault_Handler                                  build/stm32f4xx_it.o
CAN1_RX0_IRQHandler                               build/stm32f4xx_it.o
CAN1_RX1_IRQHandler                               build/startup_stm32f427xx.o
CAN1_SCE_IRQHandler                               build/startup_stm32f427xx.o
CAN1_TX_IRQHandler                                build/startup_stm32f427xx.o
CAN2_RX0_IRQHandler                               build/startup_stm32f427xx.o
CAN2_RX1_IRQHandler                               build/startup_stm32f427xx.o
CAN2_SCE_IRQHandler                               build/startup_stm32f427xx.o
CAN2_TX_IRQHandler                                build/startup_stm32f427xx.o
DCMI_IRQHandler                                   build/startup_stm32f427xx.o
DMA1_Stream0_IRQHandler                           build/startup_stm32f427xx.o
DMA1_Stream1_IRQHandler                           build/startup_stm32f427xx.o
DMA1_Stream2_IRQHandler                           build/startup_stm32f427xx.o
DMA1_Stream3_IRQHandler                           build/startup_stm32f427xx.o
DMA1_Stream4_IRQHandler                           build/startup_stm32f427xx.o
DMA1_Stream5_IRQHandler                           build/startup_stm32f427xx.o
DMA1_Stream6_IRQHandler                           build/startup_stm32f427xx.o
DMA1_Stream7_IRQHandler                           build/startup_stm32f427xx.o
DMA2D_IRQHandler                                  build/startup_stm32f427xx.o
DMA2_Stream0_IRQHandler                           build/startup_stm32f427xx.o
DMA2_Stream1_IRQHandler                           build/startup_stm32f427xx.o
DMA2_Stream2_IRQHandler                           build/stm32f4xx_it.o
DMA2_Stream3_IRQHandler                           build/startup_stm32f427xx.o
DMA2_Stream4_IRQHandler                           build/startup_stm32f427xx.o
DMA2_Stream5_IRQHandler                           build/startup_stm32f427xx.o
DMA2_Stream6_IRQHandler                           build/startup_stm32f427xx.o
DMA2_Stream7_IRQHandler                           build/startup_stm32f427xx.o
DR16_Analysis                                     build/control.o
                                                  build/main.o
Dart_Key_flag                                     build/main.o
Dart_shoot_flag                                   build/main.o
Dart_test_flag                                    build/main.o
DebugMon_Handler                                  build/stm32f4xx_it.o
Default_Handler                                   build/startup_stm32f427xx.o
ETH_IRQHandler                                    build/startup_stm32f427xx.o
ETH_WKUP_IRQHandler                               build/startup_stm32f427xx.o
EXTI0_IRQHandler                                  build/startup_stm32f427xx.o
EXTI15_10_IRQHandler                              build/startup_stm32f427xx.o
EXTI1_IRQHandler                                  build/startup_stm32f427xx.o
EXTI2_IRQHandler                                  build/startup_stm32f427xx.o
EXTI3_IRQHandler                                  build/startup_stm32f427xx.o
EXTI4_IRQHandler                                  build/startup_stm32f427xx.o
EXTI9_5_IRQHandler                                build/startup_stm32f427xx.o
Error_Handler                                     build/main.o
                                                  build/tim.o
                                                  build/usart.o
                                                  build/can.o
FLASH_Erase_Sector                                build/stm32f4xx_hal_flash_ex.o
                                                  build/stm32f4xx_hal_flash.o
FLASH_FlushCaches                                 build/stm32f4xx_hal_flash_ex.o
                                                  build/stm32f4xx_hal_flash.o
FLASH_IRQHandler                                  build/startup_stm32f427xx.o
FLASH_WaitForLastOperation                        build/stm32f4xx_hal_flash.o
                                                  build/stm32f4xx_hal_flash_ex.o
FMC_IRQHandler                                    build/startup_stm32f427xx.o
FPU_IRQHandler                                    build/startup_stm32f427xx.o
Filter_DT7_DR16                                   build/control.o
Filter_RC                                         build/main.o
                                                  build/control.o
HAL_CAN_AbortTxRequest                            build/stm32f4xx_hal_can.o
HAL_CAN_ActivateNotification                      build/stm32f4xx_hal_can.o
                                                  build/can3508.o
HAL_CAN_AddTxMessage                              build/stm32f4xx_hal_can.o
                                                  build/can3508.o
HAL_CAN_ConfigFilter                              build/stm32f4xx_hal_can.o
                                                  build/can3508.o
HAL_CAN_DeInit                                    build/stm32f4xx_hal_can.o
HAL_CAN_DeactivateNotification                    build/stm32f4xx_hal_can.o
HAL_CAN_ErrorCallback                             build/stm32f4xx_hal_can.o
HAL_CAN_GetError                                  build/stm32f4xx_hal_can.o
HAL_CAN_GetRxFifoFillLevel                        build/stm32f4xx_hal_can.o
HAL_CAN_GetRxMessage                              build/stm32f4xx_hal_can.o
                                                  build/can3508.o
HAL_CAN_GetState                                  build/stm32f4xx_hal_can.o
HAL_CAN_GetTxMailboxesFreeLevel                   build/stm32f4xx_hal_can.o
HAL_CAN_GetTxTimestamp                            build/stm32f4xx_hal_can.o
HAL_CAN_IRQHandler                                build/stm32f4xx_hal_can.o
                                                  build/stm32f4xx_it.o
HAL_CAN_Init                                      build/stm32f4xx_hal_can.o
                                                  build/can.o
HAL_CAN_IsSleepActive                             build/stm32f4xx_hal_can.o
HAL_CAN_IsTxMessagePending                        build/stm32f4xx_hal_can.o
HAL_CAN_MspDeInit                                 build/can.o
HAL_CAN_MspInit                                   build/can.o
HAL_CAN_RequestSleep                              build/stm32f4xx_hal_can.o
HAL_CAN_ResetError                                build/stm32f4xx_hal_can.o
HAL_CAN_RxFifo0FullCallback                       build/stm32f4xx_hal_can.o
HAL_CAN_RxFifo0MsgPendingCallback                 build/can3508.o
HAL_CAN_RxFifo1FullCallback                       build/stm32f4xx_hal_can.o
HAL_CAN_RxFifo1MsgPendingCallback                 build/stm32f4xx_hal_can.o
HAL_CAN_SleepCallback                             build/stm32f4xx_hal_can.o
HAL_CAN_Start                                     build/stm32f4xx_hal_can.o
                                                  build/main.o
                                                  build/can3508.o
HAL_CAN_Stop                                      build/stm32f4xx_hal_can.o
HAL_CAN_TxMailbox0AbortCallback                   build/stm32f4xx_hal_can.o
HAL_CAN_TxMailbox0CompleteCallback                build/stm32f4xx_hal_can.o
HAL_CAN_TxMailbox1AbortCallback                   build/stm32f4xx_hal_can.o
HAL_CAN_TxMailbox1CompleteCallback                build/stm32f4xx_hal_can.o
HAL_CAN_TxMailbox2AbortCallback                   build/stm32f4xx_hal_can.o
HAL_CAN_TxMailbox2CompleteCallback                build/stm32f4xx_hal_can.o
HAL_CAN_WakeUp                                    build/stm32f4xx_hal_can.o
HAL_CAN_WakeUpFromRxMsgCallback                   build/stm32f4xx_hal_can.o
HAL_DBGMCU_DisableDBGSleepMode                    build/stm32f4xx_hal.o
HAL_DBGMCU_DisableDBGStandbyMode                  build/stm32f4xx_hal.o
HAL_DBGMCU_DisableDBGStopMode                     build/stm32f4xx_hal.o
HAL_DBGMCU_EnableDBGSleepMode                     build/stm32f4xx_hal.o
HAL_DBGMCU_EnableDBGStandbyMode                   build/stm32f4xx_hal.o
HAL_DBGMCU_EnableDBGStopMode                      build/stm32f4xx_hal.o
HAL_DMAEx_ChangeMemory                            build/stm32f4xx_hal_dma_ex.o
HAL_DMAEx_MultiBufferStart                        build/stm32f4xx_hal_dma_ex.o
HAL_DMAEx_MultiBufferStart_IT                     build/stm32f4xx_hal_dma_ex.o
HAL_DMA_Abort                                     build/stm32f4xx_hal_dma.o
                                                  build/stm32f4xx_hal_uart.o
HAL_DMA_Abort_IT                                  build/stm32f4xx_hal_dma.o
                                                  build/stm32f4xx_hal_uart.o
                                                  build/stm32f4xx_hal_tim_ex.o
                                                  build/stm32f4xx_hal_tim.o
HAL_DMA_DeInit                                    build/stm32f4xx_hal_dma.o
                                                  build/usart.o
HAL_DMA_GetError                                  build/stm32f4xx_hal_dma.o
                                                  build/stm32f4xx_hal_uart.o
HAL_DMA_GetState                                  build/stm32f4xx_hal_dma.o
HAL_DMA_IRQHandler                                build/stm32f4xx_hal_dma.o
                                                  build/stm32f4xx_it.o
HAL_DMA_Init                                      build/stm32f4xx_hal_dma.o
                                                  build/usart.o
HAL_DMA_PollForTransfer                           build/stm32f4xx_hal_dma.o
HAL_DMA_RegisterCallback                          build/stm32f4xx_hal_dma.o
HAL_DMA_Start                                     build/stm32f4xx_hal_dma.o
HAL_DMA_Start_IT                                  build/stm32f4xx_hal_dma.o
                                                  build/stm32f4xx_hal_uart.o
                                                  build/stm32f4xx_hal_tim_ex.o
                                                  build/stm32f4xx_hal_tim.o
HAL_DMA_UnRegisterCallback                        build/stm32f4xx_hal_dma.o
HAL_DeInit                                        build/stm32f4xx_hal.o
HAL_Delay                                         build/stm32f4xx_hal.o
                                                  build/main.o
HAL_DisableCompensationCell                       build/stm32f4xx_hal.o
HAL_DisableMemorySwappingBank                     build/stm32f4xx_hal.o
HAL_EXTI_ClearConfigLine                          build/stm32f4xx_hal_exti.o
HAL_EXTI_ClearPending                             build/stm32f4xx_hal_exti.o
HAL_EXTI_GenerateSWI                              build/stm32f4xx_hal_exti.o
HAL_EXTI_GetConfigLine                            build/stm32f4xx_hal_exti.o
HAL_EXTI_GetHandle                                build/stm32f4xx_hal_exti.o
HAL_EXTI_GetPending                               build/stm32f4xx_hal_exti.o
HAL_EXTI_IRQHandler                               build/stm32f4xx_hal_exti.o
HAL_EXTI_RegisterCallback                         build/stm32f4xx_hal_exti.o
HAL_EXTI_SetConfigLine                            build/stm32f4xx_hal_exti.o
HAL_EnableCompensationCell                        build/stm32f4xx_hal.o
HAL_EnableMemorySwappingBank                      build/stm32f4xx_hal.o
HAL_FLASHEx_AdvOBGetConfig                        build/stm32f4xx_hal_flash_ex.o
HAL_FLASHEx_AdvOBProgram                          build/stm32f4xx_hal_flash_ex.o
HAL_FLASHEx_Erase                                 build/stm32f4xx_hal_flash_ex.o
HAL_FLASHEx_Erase_IT                              build/stm32f4xx_hal_flash_ex.o
HAL_FLASHEx_OBGetConfig                           build/stm32f4xx_hal_flash_ex.o
HAL_FLASHEx_OBProgram                             build/stm32f4xx_hal_flash_ex.o
HAL_FLASHEx_OB_DeSelectPCROP                      build/stm32f4xx_hal_flash_ex.o
HAL_FLASHEx_OB_GetBank2WRP                        build/stm32f4xx_hal_flash_ex.o
HAL_FLASHEx_OB_SelectPCROP                        build/stm32f4xx_hal_flash_ex.o
HAL_FLASH_EndOfOperationCallback                  build/stm32f4xx_hal_flash.o
HAL_FLASH_GetError                                build/stm32f4xx_hal_flash.o
HAL_FLASH_IRQHandler                              build/stm32f4xx_hal_flash.o
HAL_FLASH_Lock                                    build/stm32f4xx_hal_flash.o
HAL_FLASH_OB_Launch                               build/stm32f4xx_hal_flash.o
HAL_FLASH_OB_Lock                                 build/stm32f4xx_hal_flash.o
HAL_FLASH_OB_Unlock                               build/stm32f4xx_hal_flash.o
HAL_FLASH_OperationErrorCallback                  build/stm32f4xx_hal_flash.o
HAL_FLASH_Program                                 build/stm32f4xx_hal_flash.o
HAL_FLASH_Program_IT                              build/stm32f4xx_hal_flash.o
HAL_FLASH_Unlock                                  build/stm32f4xx_hal_flash.o
HAL_GPIO_DeInit                                   build/stm32f4xx_hal_gpio.o
                                                  build/usart.o
                                                  build/can.o
HAL_GPIO_EXTI_Callback                            build/stm32f4xx_hal_gpio.o
HAL_GPIO_EXTI_IRQHandler                          build/stm32f4xx_hal_gpio.o
HAL_GPIO_Init                                     build/stm32f4xx_hal_gpio.o
                                                  build/tim.o
                                                  build/stm32f4xx_hal_rcc.o
                                                  build/usart.o
                                                  build/can.o
                                                  build/gpio.o
HAL_GPIO_LockPin                                  build/stm32f4xx_hal_gpio.o
HAL_GPIO_ReadPin                                  build/stm32f4xx_hal_gpio.o
                                                  build/main.o
HAL_GPIO_TogglePin                                build/stm32f4xx_hal_gpio.o
HAL_GPIO_WritePin                                 build/stm32f4xx_hal_gpio.o
                                                  build/gpio.o
                                                  build/main.o
HAL_GetDEVID                                      build/stm32f4xx_hal.o
HAL_GetHalVersion                                 build/stm32f4xx_hal.o
HAL_GetREVID                                      build/stm32f4xx_hal.o
HAL_GetTick                                       build/stm32f4xx_hal.o
                                                  build/stm32f4xx_hal_uart.o
                                                  build/stm32f4xx_hal_pwr_ex.o
                                                  build/stm32f4xx_hal_dma.o
                                                  build/stm32f4xx_hal_flash.o
                                                  build/stm32f4xx_hal_rcc_ex.o
                                                  build/stm32f4xx_hal_rcc.o
                                                  build/stm32f4xx_hal_can.o
HAL_GetTickFreq                                   build/stm32f4xx_hal.o
HAL_GetTickPrio                                   build/stm32f4xx_hal.o
HAL_GetUIDw0                                      build/stm32f4xx_hal.o
HAL_GetUIDw1                                      build/stm32f4xx_hal.o
HAL_GetUIDw2                                      build/stm32f4xx_hal.o
HAL_HalfDuplex_EnableReceiver                     build/stm32f4xx_hal_uart.o
HAL_HalfDuplex_EnableTransmitter                  build/stm32f4xx_hal_uart.o
HAL_HalfDuplex_Init                               build/stm32f4xx_hal_uart.o
HAL_IncTick                                       build/stm32f4xx_hal.o
                                                  build/stm32f4xx_it.o
HAL_Init                                          build/stm32f4xx_hal.o
                                                  build/main.o
HAL_InitTick                                      build/stm32f4xx_hal.o
                                                  build/stm32f4xx_hal_rcc_ex.o
                                                  build/stm32f4xx_hal_rcc.o
HAL_LIN_Init                                      build/stm32f4xx_hal_uart.o
HAL_LIN_SendBreak                                 build/stm32f4xx_hal_uart.o
HAL_MPU_ConfigRegion                              build/stm32f4xx_hal_cortex.o
HAL_MPU_Disable                                   build/stm32f4xx_hal_cortex.o
HAL_MPU_Enable                                    build/stm32f4xx_hal_cortex.o
HAL_MspDeInit                                     build/stm32f4xx_hal.o
HAL_MspInit                                       build/stm32f4xx_hal_msp.o
HAL_MultiProcessor_EnterMuteMode                  build/stm32f4xx_hal_uart.o
HAL_MultiProcessor_ExitMuteMode                   build/stm32f4xx_hal_uart.o
HAL_MultiProcessor_Init                           build/stm32f4xx_hal_uart.o
HAL_NVIC_ClearPendingIRQ                          build/stm32f4xx_hal_cortex.o
HAL_NVIC_DisableIRQ                               build/stm32f4xx_hal_cortex.o
                                                  build/tim.o
                                                  build/usart.o
                                                  build/can.o
HAL_NVIC_EnableIRQ                                build/stm32f4xx_hal_cortex.o
                                                  build/tim.o
                                                  build/usart.o
                                                  build/dma.o
                                                  build/can.o
HAL_NVIC_GetActive                                build/stm32f4xx_hal_cortex.o
HAL_NVIC_GetPendingIRQ                            build/stm32f4xx_hal_cortex.o
HAL_NVIC_GetPriority                              build/stm32f4xx_hal_cortex.o
HAL_NVIC_GetPriorityGrouping                      build/stm32f4xx_hal_cortex.o
HAL_NVIC_SetPendingIRQ                            build/stm32f4xx_hal_cortex.o
HAL_NVIC_SetPriority                              build/stm32f4xx_hal_cortex.o
                                                  build/tim.o
                                                  build/stm32f4xx_hal.o
                                                  build/usart.o
                                                  build/dma.o
                                                  build/can.o
HAL_NVIC_SetPriorityGrouping                      build/stm32f4xx_hal_cortex.o
                                                  build/stm32f4xx_hal.o
HAL_NVIC_SystemReset                              build/stm32f4xx_hal_cortex.o
HAL_PWREx_ControlVoltageScaling                   build/stm32f4xx_hal_pwr_ex.o
HAL_PWREx_DisableBkUpReg                          build/stm32f4xx_hal_pwr_ex.o
HAL_PWREx_DisableFlashPowerDown                   build/stm32f4xx_hal_pwr_ex.o
HAL_PWREx_DisableOverDrive                        build/stm32f4xx_hal_pwr_ex.o
HAL_PWREx_EnableBkUpReg                           build/stm32f4xx_hal_pwr_ex.o
HAL_PWREx_EnableFlashPowerDown                    build/stm32f4xx_hal_pwr_ex.o
HAL_PWREx_EnableOverDrive                         build/stm32f4xx_hal_pwr_ex.o
HAL_PWREx_EnterUnderDriveSTOPMode                 build/stm32f4xx_hal_pwr_ex.o
HAL_PWREx_GetVoltageRange                         build/stm32f4xx_hal_pwr_ex.o
HAL_PWR_ConfigPVD                                 build/stm32f4xx_hal_pwr.o
HAL_PWR_DeInit                                    build/stm32f4xx_hal_pwr.o
HAL_PWR_DisableBkUpAccess                         build/stm32f4xx_hal_pwr.o
HAL_PWR_DisablePVD                                build/stm32f4xx_hal_pwr.o
HAL_PWR_DisableSEVOnPend                          build/stm32f4xx_hal_pwr.o
HAL_PWR_DisableSleepOnExit                        build/stm32f4xx_hal_pwr.o
HAL_PWR_DisableWakeUpPin                          build/stm32f4xx_hal_pwr.o
HAL_PWR_EnableBkUpAccess                          build/stm32f4xx_hal_pwr.o
HAL_PWR_EnablePVD                                 build/stm32f4xx_hal_pwr.o
HAL_PWR_EnableSEVOnPend                           build/stm32f4xx_hal_pwr.o
HAL_PWR_EnableSleepOnExit                         build/stm32f4xx_hal_pwr.o
HAL_PWR_EnableWakeUpPin                           build/stm32f4xx_hal_pwr.o
HAL_PWR_EnterSLEEPMode                            build/stm32f4xx_hal_pwr.o
HAL_PWR_EnterSTANDBYMode                          build/stm32f4xx_hal_pwr.o
HAL_PWR_EnterSTOPMode                             build/stm32f4xx_hal_pwr.o
HAL_PWR_PVDCallback                               build/stm32f4xx_hal_pwr.o
HAL_PWR_PVD_IRQHandler                            build/stm32f4xx_hal_pwr.o
HAL_RCCEx_DisablePLLI2S                           build/stm32f4xx_hal_rcc_ex.o
HAL_RCCEx_DisablePLLSAI                           build/stm32f4xx_hal_rcc_ex.o
HAL_RCCEx_EnablePLLI2S                            build/stm32f4xx_hal_rcc_ex.o
HAL_RCCEx_EnablePLLSAI                            build/stm32f4xx_hal_rcc_ex.o
HAL_RCCEx_GetPeriphCLKConfig                      build/stm32f4xx_hal_rcc_ex.o
HAL_RCCEx_GetPeriphCLKFreq                        build/stm32f4xx_hal_rcc_ex.o
HAL_RCCEx_PeriphCLKConfig                         build/stm32f4xx_hal_rcc_ex.o
HAL_RCC_CSSCallback                               build/stm32f4xx_hal_rcc.o
HAL_RCC_ClockConfig                               build/stm32f4xx_hal_rcc.o
                                                  build/main.o
HAL_RCC_DeInit                                    build/stm32f4xx_hal_rcc_ex.o
                                                  build/stm32f4xx_hal_rcc.o
HAL_RCC_DisableCSS                                build/stm32f4xx_hal_rcc.o
HAL_RCC_EnableCSS                                 build/stm32f4xx_hal_rcc.o
HAL_RCC_GetClockConfig                            build/stm32f4xx_hal_rcc.o
HAL_RCC_GetHCLKFreq                               build/stm32f4xx_hal_rcc.o
HAL_RCC_GetOscConfig                              build/stm32f4xx_hal_rcc.o
HAL_RCC_GetPCLK1Freq                              build/stm32f4xx_hal_rcc.o
                                                  build/stm32f4xx_hal_uart.o
HAL_RCC_GetPCLK2Freq                              build/stm32f4xx_hal_rcc.o
                                                  build/stm32f4xx_hal_uart.o
HAL_RCC_GetSysClockFreq                           build/stm32f4xx_hal_rcc.o
HAL_RCC_MCOConfig                                 build/stm32f4xx_hal_rcc.o
HAL_RCC_NMI_IRQHandler                            build/stm32f4xx_hal_rcc.o
HAL_RCC_OscConfig                                 build/stm32f4xx_hal_rcc.o
                                                  build/main.o
HAL_ResumeTick                                    build/stm32f4xx_hal.o
HAL_SYSTICK_CLKSourceConfig                       build/stm32f4xx_hal_cortex.o
HAL_SYSTICK_Callback                              build/stm32f4xx_hal_cortex.o
HAL_SYSTICK_Config                                build/stm32f4xx_hal_cortex.o
                                                  build/stm32f4xx_hal.o
HAL_SYSTICK_IRQHandler                            build/stm32f4xx_hal_cortex.o
HAL_SetTickFreq                                   build/stm32f4xx_hal.o
HAL_SuspendTick                                   build/stm32f4xx_hal.o
HAL_TIMEx_BreakCallback                           build/stm32f4xx_hal_tim_ex.o
                                                  build/stm32f4xx_hal_tim.o
HAL_TIMEx_CommutCallback                          build/stm32f4xx_hal_tim_ex.o
                                                  build/stm32f4xx_hal_tim.o
HAL_TIMEx_CommutHalfCpltCallback                  build/stm32f4xx_hal_tim_ex.o
HAL_TIMEx_ConfigBreakDeadTime                     build/stm32f4xx_hal_tim_ex.o
                                                  build/tim.o
HAL_TIMEx_ConfigCommutEvent                       build/stm32f4xx_hal_tim_ex.o
HAL_TIMEx_ConfigCommutEvent_DMA                   build/stm32f4xx_hal_tim_ex.o
HAL_TIMEx_ConfigCommutEvent_IT                    build/stm32f4xx_hal_tim_ex.o
HAL_TIMEx_GetChannelNState                        build/stm32f4xx_hal_tim_ex.o
HAL_TIMEx_HallSensor_DeInit                       build/stm32f4xx_hal_tim_ex.o
HAL_TIMEx_HallSensor_GetState                     build/stm32f4xx_hal_tim_ex.o
HAL_TIMEx_HallSensor_Init                         build/stm32f4xx_hal_tim_ex.o
HAL_TIMEx_HallSensor_MspDeInit                    build/stm32f4xx_hal_tim_ex.o
HAL_TIMEx_HallSensor_MspInit                      build/stm32f4xx_hal_tim_ex.o
HAL_TIMEx_HallSensor_Start                        build/stm32f4xx_hal_tim_ex.o
HAL_TIMEx_HallSensor_Start_DMA                    build/stm32f4xx_hal_tim_ex.o
HAL_TIMEx_HallSensor_Start_IT                     build/stm32f4xx_hal_tim_ex.o
HAL_TIMEx_HallSensor_Stop                         build/stm32f4xx_hal_tim_ex.o
HAL_TIMEx_HallSensor_Stop_DMA                     build/stm32f4xx_hal_tim_ex.o
HAL_TIMEx_HallSensor_Stop_IT                      build/stm32f4xx_hal_tim_ex.o
HAL_TIMEx_MasterConfigSynchronization             build/stm32f4xx_hal_tim_ex.o
                                                  build/tim.o
HAL_TIMEx_OCN_Start                               build/stm32f4xx_hal_tim_ex.o
HAL_TIMEx_OCN_Start_DMA                           build/stm32f4xx_hal_tim_ex.o
HAL_TIMEx_OCN_Start_IT                            build/stm32f4xx_hal_tim_ex.o
HAL_TIMEx_OCN_Stop                                build/stm32f4xx_hal_tim_ex.o
HAL_TIMEx_OCN_Stop_DMA                            build/stm32f4xx_hal_tim_ex.o
HAL_TIMEx_OCN_Stop_IT                             build/stm32f4xx_hal_tim_ex.o
HAL_TIMEx_OnePulseN_Start                         build/stm32f4xx_hal_tim_ex.o
HAL_TIMEx_OnePulseN_Start_IT                      build/stm32f4xx_hal_tim_ex.o
HAL_TIMEx_OnePulseN_Stop                          build/stm32f4xx_hal_tim_ex.o
HAL_TIMEx_OnePulseN_Stop_IT                       build/stm32f4xx_hal_tim_ex.o
HAL_TIMEx_PWMN_Start                              build/stm32f4xx_hal_tim_ex.o
HAL_TIMEx_PWMN_Start_DMA                          build/stm32f4xx_hal_tim_ex.o
HAL_TIMEx_PWMN_Start_IT                           build/stm32f4xx_hal_tim_ex.o
HAL_TIMEx_PWMN_Stop                               build/stm32f4xx_hal_tim_ex.o
HAL_TIMEx_PWMN_Stop_DMA                           build/stm32f4xx_hal_tim_ex.o
HAL_TIMEx_PWMN_Stop_IT                            build/stm32f4xx_hal_tim_ex.o
HAL_TIMEx_RemapConfig                             build/stm32f4xx_hal_tim_ex.o
HAL_TIM_Base_DeInit                               build/stm32f4xx_hal_tim.o
HAL_TIM_Base_GetState                             build/stm32f4xx_hal_tim.o
HAL_TIM_Base_Init                                 build/stm32f4xx_hal_tim.o
                                                  build/tim.o
HAL_TIM_Base_MspDeInit                            build/tim.o
                                                  build/stm32f4xx_hal_tim.o
HAL_TIM_Base_MspInit                              build/tim.o
                                                  build/stm32f4xx_hal_tim.o
HAL_TIM_Base_Start                                build/stm32f4xx_hal_tim.o
HAL_TIM_Base_Start_DMA                            build/stm32f4xx_hal_tim.o
HAL_TIM_Base_Start_IT                             build/stm32f4xx_hal_tim.o
                                                  build/main.o
HAL_TIM_Base_Stop                                 build/stm32f4xx_hal_tim.o
HAL_TIM_Base_Stop_DMA                             build/stm32f4xx_hal_tim.o
HAL_TIM_Base_Stop_IT                              build/stm32f4xx_hal_tim.o
HAL_TIM_ConfigClockSource                         build/stm32f4xx_hal_tim.o
                                                  build/tim.o
HAL_TIM_ConfigOCrefClear                          build/stm32f4xx_hal_tim.o
HAL_TIM_ConfigTI1Input                            build/stm32f4xx_hal_tim.o
HAL_TIM_DMABurstState                             build/stm32f4xx_hal_tim.o
HAL_TIM_DMABurst_MultiReadStart                   build/stm32f4xx_hal_tim.o
HAL_TIM_DMABurst_MultiWriteStart                  build/stm32f4xx_hal_tim.o
HAL_TIM_DMABurst_ReadStart                        build/stm32f4xx_hal_tim.o
HAL_TIM_DMABurst_ReadStop                         build/stm32f4xx_hal_tim.o
HAL_TIM_DMABurst_WriteStart                       build/stm32f4xx_hal_tim.o
HAL_TIM_DMABurst_WriteStop                        build/stm32f4xx_hal_tim.o
HAL_TIM_Encoder_DeInit                            build/stm32f4xx_hal_tim.o
HAL_TIM_Encoder_GetState                          build/stm32f4xx_hal_tim.o
HAL_TIM_Encoder_Init                              build/stm32f4xx_hal_tim.o
HAL_TIM_Encoder_MspDeInit                         build/stm32f4xx_hal_tim.o
HAL_TIM_Encoder_MspInit                           build/stm32f4xx_hal_tim.o
HAL_TIM_Encoder_Start                             build/stm32f4xx_hal_tim.o
HAL_TIM_Encoder_Start_DMA                         build/stm32f4xx_hal_tim.o
HAL_TIM_Encoder_Start_IT                          build/stm32f4xx_hal_tim.o
HAL_TIM_Encoder_Stop                              build/stm32f4xx_hal_tim.o
HAL_TIM_Encoder_Stop_DMA                          build/stm32f4xx_hal_tim.o
HAL_TIM_Encoder_Stop_IT                           build/stm32f4xx_hal_tim.o
HAL_TIM_ErrorCallback                             build/stm32f4xx_hal_tim.o
                                                  build/stm32f4xx_hal_tim_ex.o
HAL_TIM_GenerateEvent                             build/stm32f4xx_hal_tim.o
HAL_TIM_GetActiveChannel                          build/stm32f4xx_hal_tim.o
HAL_TIM_GetChannelState                           build/stm32f4xx_hal_tim.o
HAL_TIM_IC_CaptureCallback                        build/stm32f4xx_hal_tim.o
HAL_TIM_IC_CaptureHalfCpltCallback                build/stm32f4xx_hal_tim.o
HAL_TIM_IC_ConfigChannel                          build/stm32f4xx_hal_tim.o
HAL_TIM_IC_DeInit                                 build/stm32f4xx_hal_tim.o
HAL_TIM_IC_GetState                               build/stm32f4xx_hal_tim.o
HAL_TIM_IC_Init                                   build/stm32f4xx_hal_tim.o
HAL_TIM_IC_MspDeInit                              build/stm32f4xx_hal_tim.o
HAL_TIM_IC_MspInit                                build/stm32f4xx_hal_tim.o
HAL_TIM_IC_Start                                  build/stm32f4xx_hal_tim.o
HAL_TIM_IC_Start_DMA                              build/stm32f4xx_hal_tim.o
HAL_TIM_IC_Start_IT                               build/stm32f4xx_hal_tim.o
HAL_TIM_IC_Stop                                   build/stm32f4xx_hal_tim.o
HAL_TIM_IC_Stop_DMA                               build/stm32f4xx_hal_tim.o
HAL_TIM_IC_Stop_IT                                build/stm32f4xx_hal_tim.o
HAL_TIM_IRQHandler                                build/stm32f4xx_hal_tim.o
                                                  build/stm32f4xx_it.o
HAL_TIM_MspPostInit                               build/tim.o
HAL_TIM_OC_ConfigChannel                          build/stm32f4xx_hal_tim.o
HAL_TIM_OC_DeInit                                 build/stm32f4xx_hal_tim.o
HAL_TIM_OC_DelayElapsedCallback                   build/stm32f4xx_hal_tim.o
HAL_TIM_OC_GetState                               build/stm32f4xx_hal_tim.o
HAL_TIM_OC_Init                                   build/stm32f4xx_hal_tim.o
HAL_TIM_OC_MspDeInit                              build/stm32f4xx_hal_tim.o
HAL_TIM_OC_MspInit                                build/stm32f4xx_hal_tim.o
HAL_TIM_OC_Start                                  build/stm32f4xx_hal_tim.o
HAL_TIM_OC_Start_DMA                              build/stm32f4xx_hal_tim.o
HAL_TIM_OC_Start_IT                               build/stm32f4xx_hal_tim.o
HAL_TIM_OC_Stop                                   build/stm32f4xx_hal_tim.o
HAL_TIM_OC_Stop_DMA                               build/stm32f4xx_hal_tim.o
HAL_TIM_OC_Stop_IT                                build/stm32f4xx_hal_tim.o
HAL_TIM_OnePulse_ConfigChannel                    build/stm32f4xx_hal_tim.o
HAL_TIM_OnePulse_DeInit                           build/stm32f4xx_hal_tim.o